Java HotSpot(TM) 64-Bit Server VM (25.40-b25) for bsd-amd64 JRE (1.8.0_40-b25), built on Feb 10 2015 21:07:25 by "java_re" with gcc 4.2.1 (Based on Apple Inc. build 5658) (LLVM build 2336.11.00)
Memory: 4k page, physical 16777216k(505280k free)

/proc/meminfo:

CommandLine flags: -XX:CMSInitiatingOccupancyFraction=50 -XX:CMSMaxAbortablePrecleanTime=6000 -XX:+CMSParallelRemarkEnabled -XX:+CMSScavengeBeforeRemark -XX:ConcGCThreads=4 -XX:InitialHeapSize=536870912 -XX:+ManagementServer -XX:MaxHeapSize=536870912 -XX:MaxTenuringThreshold=8 -XX:NewRatio=3 -XX:OldPLABSize=16 -XX:OnOutOfMemoryError=/Users/cell/Desktop/FinancialNewsSearchEngine/solr-4.10.3/bin/oom_solr.sh 8983 -XX:ParallelGCThreads=4 -XX:+ParallelRefProcEnabled -XX:PretenureSizeThreshold=67108864 -XX:+PrintGC -XX:+PrintGCApplicationStoppedTime -XX:+PrintGCDateStamps -XX:+PrintGCDetails -XX:+PrintGCTimeStamps -XX:+PrintHeapAtGC -XX:+PrintTenuringDistribution -XX:SurvivorRatio=4 -XX:TargetSurvivorRatio=90 -XX:ThreadStackSize=256 -XX:+UseCMSInitiatingOccupancyOnly -XX:+UseCompressedClassPointers -XX:+UseCompressedOops -XX:+UseConcMarkSweepGC -XX:+UseParNewGC 
2016-11-27T08:20:20.345-0100: 0.186: Total time for which application threads were stopped: 0.0000962 seconds, Stopping threads took: 0.0000090 seconds
2016-11-27T08:20:20.346-0100: 0.186: Total time for which application threads were stopped: 0.0000327 seconds, Stopping threads took: 0.0000052 seconds
2016-11-27T08:20:20.366-0100: 0.207: Total time for which application threads were stopped: 0.0000921 seconds, Stopping threads took: 0.0000098 seconds
2016-11-27T08:20:20.369-0100: 0.209: Total time for which application threads were stopped: 0.0000484 seconds, Stopping threads took: 0.0000063 seconds
2016-11-27T08:20:20.373-0100: 0.213: Total time for which application threads were stopped: 0.0000611 seconds, Stopping threads took: 0.0000079 seconds
2016-11-27T08:20:20.406-0100: 0.247: Total time for which application threads were stopped: 0.0000850 seconds, Stopping threads took: 0.0000107 seconds
2016-11-27T08:20:20.450-0100: 0.291: Total time for which application threads were stopped: 0.0000969 seconds, Stopping threads took: 0.0000116 seconds
2016-11-27T08:20:20.451-0100: 0.291: Total time for which application threads were stopped: 0.0000556 seconds, Stopping threads took: 0.0000077 seconds
2016-11-27T08:20:20.461-0100: 0.301: Total time for which application threads were stopped: 0.0000873 seconds, Stopping threads took: 0.0000095 seconds
2016-11-27T08:20:20.474-0100: 0.314: Total time for which application threads were stopped: 0.0001080 seconds, Stopping threads took: 0.0000103 seconds
2016-11-27T08:20:20.606-0100: 0.446: Total time for which application threads were stopped: 0.0001415 seconds, Stopping threads took: 0.0000130 seconds
2016-11-27T08:20:20.699-0100: 0.540: Total time for which application threads were stopped: 0.0001343 seconds, Stopping threads took: 0.0000114 seconds
2016-11-27T08:20:21.699-0100: 1.540: Total time for which application threads were stopped: 0.0001202 seconds, Stopping threads took: 0.0000303 seconds
2016-11-27T08:20:21.768-0100: 1.608: Total time for which application threads were stopped: 0.0002568 seconds, Stopping threads took: 0.0000165 seconds
2016-11-27T08:20:21.781-0100: 1.621: Total time for which application threads were stopped: 0.0002454 seconds, Stopping threads took: 0.0000416 seconds
{Heap before GC invocations=0 (full 0):
 par new generation   total 109248K, used 87424K [0x00000007a0000000, 0x00000007a8000000, 0x00000007a8000000)
  eden space 87424K, 100% used [0x00000007a0000000, 0x00000007a5560000, 0x00000007a5560000)
  from space 21824K,   0% used [0x00000007a5560000, 0x00000007a5560000, 0x00000007a6ab0000)
  to   space 21824K,   0% used [0x00000007a6ab0000, 0x00000007a6ab0000, 0x00000007a8000000)
 concurrent mark-sweep generation total 393216K, used 0K [0x00000007a8000000, 0x00000007c0000000, 0x00000007c0000000)
 Metaspace       used 17299K, capacity 17620K, committed 17792K, reserved 1064960K
  class space    used 2079K, capacity 2173K, committed 2176K, reserved 1048576K
2016-11-27T08:20:21.823-0100: 1.663: [GC (Allocation Failure) 1.663: [ParNew
Desired survivor size 20112992 bytes, new threshold 8 (max 8)
- age   1:   11195864 bytes,   11195864 total
: 87424K->11051K(109248K), 0.0102014 secs] 87424K->11051K(502464K), 0.0102588 secs] [Times: user=0.03 sys=0.01, real=0.01 secs] 
Heap after GC invocations=1 (full 0):
 par new generation   total 109248K, used 11051K [0x00000007a0000000, 0x00000007a8000000, 0x00000007a8000000)
  eden space 87424K,   0% used [0x00000007a0000000, 0x00000007a0000000, 0x00000007a5560000)
  from space 21824K,  50% used [0x00000007a6ab0000, 0x00000007a757ada0, 0x00000007a8000000)
  to   space 21824K,   0% used [0x00000007a5560000, 0x00000007a5560000, 0x00000007a6ab0000)
 concurrent mark-sweep generation total 393216K, used 0K [0x00000007a8000000, 0x00000007c0000000, 0x00000007c0000000)
 Metaspace       used 17299K, capacity 17620K, committed 17792K, reserved 1064960K
  class space    used 2079K, capacity 2173K, committed 2176K, reserved 1048576K
}
2016-11-27T08:20:21.833-0100: 1.674: Total time for which application threads were stopped: 0.0104558 seconds, Stopping threads took: 0.0000258 seconds
2016-11-27T08:20:21.897-0100: 1.737: Total time for which application threads were stopped: 0.0002217 seconds, Stopping threads took: 0.0000230 seconds
2016-11-27T08:20:22.532-0100: 2.372: Total time for which application threads were stopped: 0.0001368 seconds, Stopping threads took: 0.0000134 seconds
2016-11-27T08:20:22.690-0100: 2.530: Total time for which application threads were stopped: 0.0001515 seconds, Stopping threads took: 0.0000177 seconds
2016-11-27T08:20:22.741-0100: 2.581: Total time for which application threads were stopped: 0.0001021 seconds, Stopping threads took: 0.0000147 seconds
2016-11-27T08:20:22.767-0100: 2.607: Total time for which application threads were stopped: 0.0005140 seconds, Stopping threads took: 0.0000160 seconds
2016-11-27T08:20:22.775-0100: 2.616: Total time for which application threads were stopped: 0.0000888 seconds, Stopping threads took: 0.0000155 seconds
2016-11-27T08:20:22.905-0100: 2.745: Total time for which application threads were stopped: 0.0002104 seconds, Stopping threads took: 0.0000190 seconds
2016-11-27T08:20:22.919-0100: 2.759: Total time for which application threads were stopped: 0.0003657 seconds, Stopping threads took: 0.0000183 seconds
2016-11-27T08:20:22.958-0100: 2.798: Total time for which application threads were stopped: 0.0004859 seconds, Stopping threads took: 0.0000427 seconds
2016-11-27T08:20:22.965-0100: 2.806: Total time for which application threads were stopped: 0.0001191 seconds, Stopping threads took: 0.0000156 seconds
{Heap before GC invocations=1 (full 0):
 par new generation   total 109248K, used 98475K [0x00000007a0000000, 0x00000007a8000000, 0x00000007a8000000)
  eden space 87424K, 100% used [0x00000007a0000000, 0x00000007a5560000, 0x00000007a5560000)
  from space 21824K,  50% used [0x00000007a6ab0000, 0x00000007a757ada0, 0x00000007a8000000)
  to   space 21824K,   0% used [0x00000007a5560000, 0x00000007a5560000, 0x00000007a6ab0000)
 concurrent mark-sweep generation total 393216K, used 0K [0x00000007a8000000, 0x00000007c0000000, 0x00000007c0000000)
 Metaspace       used 22352K, capacity 22754K, committed 23212K, reserved 1069056K
  class space    used 2590K, capacity 2692K, committed 2760K, reserved 1048576K
2016-11-27T08:20:22.976-0100: 2.817: [GC (Allocation Failure) 2.817: [ParNew
Desired survivor size 20112992 bytes, new threshold 8 (max 8)
- age   1:    8158712 bytes,    8158712 total
- age   2:    4762600 bytes,   12921312 total
: 98475K->17644K(109248K), 0.0152560 secs] 98475K->17644K(502464K), 0.0153040 secs] [Times: user=0.04 sys=0.01, real=0.02 secs] 
Heap after GC invocations=2 (full 0):
 par new generation   total 109248K, used 17644K [0x00000007a0000000, 0x00000007a8000000, 0x00000007a8000000)
  eden space 87424K,   0% used [0x00000007a0000000, 0x00000007a0000000, 0x00000007a5560000)
  from space 21824K,  80% used [0x00000007a5560000, 0x00000007a669b0e0, 0x00000007a6ab0000)
  to   space 21824K,   0% used [0x00000007a6ab0000, 0x00000007a6ab0000, 0x00000007a8000000)
 concurrent mark-sweep generation total 393216K, used 0K [0x00000007a8000000, 0x00000007c0000000, 0x00000007c0000000)
 Metaspace       used 22352K, capacity 22754K, committed 23212K, reserved 1069056K
  class space    used 2590K, capacity 2692K, committed 2760K, reserved 1048576K
}
2016-11-27T08:20:22.991-0100: 2.832: Total time for which application threads were stopped: 0.0154529 seconds, Stopping threads took: 0.0000157 seconds
2016-11-27T08:20:22.992-0100: 2.832: [GC (CMS Initial Mark) [1 CMS-initial-mark: 0K(393216K)] 18195K(502464K), 0.0020464 secs] [Times: user=0.01 sys=0.00, real=0.00 secs] 
2016-11-27T08:20:22.994-0100: 2.834: Total time for which application threads were stopped: 0.0021877 seconds, Stopping threads took: 0.0000553 seconds
2016-11-27T08:20:22.994-0100: 2.834: [CMS-concurrent-mark-start]
2016-11-27T08:20:22.995-0100: 2.835: [CMS-concurrent-mark: 0.001/0.001 secs] [Times: user=0.01 sys=0.00, real=0.00 secs] 
2016-11-27T08:20:22.995-0100: 2.835: [CMS-concurrent-preclean-start]
2016-11-27T08:20:22.996-0100: 2.836: [CMS-concurrent-preclean: 0.001/0.001 secs] [Times: user=0.00 sys=0.00, real=0.00 secs] 
2016-11-27T08:20:22.996-0100: 2.836: [GC (CMS Final Remark) [YG occupancy: 18740 K (109248 K)]{Heap before GC invocations=2 (full 1):
 par new generation   total 109248K, used 18740K [0x00000007a0000000, 0x00000007a8000000, 0x00000007a8000000)
  eden space 87424K,   1% used [0x00000007a0000000, 0x00000007a01120c0, 0x00000007a5560000)
  from space 21824K,  80% used [0x00000007a5560000, 0x00000007a669b0e0, 0x00000007a6ab0000)
  to   space 21824K,   0% used [0x00000007a6ab0000, 0x00000007a6ab0000, 0x00000007a8000000)
 concurrent mark-sweep generation total 393216K, used 0K [0x00000007a8000000, 0x00000007c0000000, 0x00000007c0000000)
 Metaspace       used 22361K, capacity 22754K, committed 23212K, reserved 1069056K
  class space    used 2590K, capacity 2692K, committed 2760K, reserved 1048576K
2016-11-27T08:20:22.996-0100: 2.836: [GC (CMS Final Remark) 2.836: [ParNew
Desired survivor size 20112992 bytes, new threshold 8 (max 8)
- age   1:      25688 bytes,      25688 total
- age   2:    5214240 bytes,    5239928 total
- age   3:    4757248 bytes,    9997176 total
: 18740K->14616K(109248K), 0.0079190 secs] 18740K->14616K(502464K), 0.0079487 secs] [Times: user=0.04 sys=0.01, real=0.01 secs] 
Heap after GC invocations=3 (full 1):
 par new generation   total 109248K, used 14616K [0x00000007a0000000, 0x00000007a8000000, 0x00000007a8000000)
  eden space 87424K,   0% used [0x00000007a0000000, 0x00000007a0000000, 0x00000007a5560000)
  from space 21824K,  66% used [0x00000007a6ab0000, 0x00000007a78f6318, 0x00000007a8000000)
  to   space 21824K,   0% used [0x00000007a5560000, 0x00000007a5560000, 0x00000007a6ab0000)
 concurrent mark-sweep generation total 393216K, used 0K [0x00000007a8000000, 0x00000007c0000000, 0x00000007c0000000)
 Metaspace       used 22361K, capacity 22754K, committed 23212K, reserved 1069056K
  class space    used 2590K, capacity 2692K, committed 2760K, reserved 1048576K
}
2.844: [Rescan (parallel) , 0.0027903 secs]2.847: [weak refs processing, 0.0013414 secs]2.848: [class unloading, 0.0031030 secs]2.851: [scrub symbol table, 0.0035178 secs]2.855: [scrub string table, 0.0002218 secs][1 CMS-remark: 0K(393216K)] 14616K(502464K), 0.0199668 secs] [Times: user=0.07 sys=0.01, real=0.02 secs] 
2016-11-27T08:20:23.016-0100: 2.856: Total time for which application threads were stopped: 0.0200833 seconds, Stopping threads took: 0.0000362 seconds
2016-11-27T08:20:23.016-0100: 2.856: [CMS-concurrent-sweep-start]
2016-11-27T08:20:23.016-0100: 2.856: [CMS-concurrent-sweep: 0.000/0.000 secs] [Times: user=0.00 sys=0.00, real=0.00 secs] 
2016-11-27T08:20:23.016-0100: 2.856: [CMS-concurrent-reset-start]
2016-11-27T08:20:23.020-0100: 2.860: [CMS-concurrent-reset: 0.004/0.004 secs] [Times: user=0.02 sys=0.00, real=0.01 secs] 
2016-11-27T08:20:23.077-0100: 2.917: Total time for which application threads were stopped: 0.0003433 seconds, Stopping threads took: 0.0000151 seconds
2016-11-27T08:20:23.145-0100: 2.986: Total time for which application threads were stopped: 0.0003221 seconds, Stopping threads took: 0.0000152 seconds
2016-11-27T08:20:23.217-0100: 3.057: Total time for which application threads were stopped: 0.0004641 seconds, Stopping threads took: 0.0000179 seconds
2016-11-27T08:20:23.223-0100: 3.063: Total time for which application threads were stopped: 0.0003055 seconds, Stopping threads took: 0.0000139 seconds
2016-11-27T08:20:23.243-0100: 3.084: Total time for which application threads were stopped: 0.0002682 seconds, Stopping threads took: 0.0000218 seconds
2016-11-27T08:20:23.355-0100: 3.196: Total time for which application threads were stopped: 0.0003833 seconds, Stopping threads took: 0.0000273 seconds
2016-11-27T08:20:23.415-0100: 3.256: Total time for which application threads were stopped: 0.0004598 seconds, Stopping threads took: 0.0000163 seconds
{Heap before GC invocations=3 (full 1):
 par new generation   total 109248K, used 102040K [0x00000007a0000000, 0x00000007a8000000, 0x00000007a8000000)
  eden space 87424K, 100% used [0x00000007a0000000, 0x00000007a5560000, 0x00000007a5560000)
  from space 21824K,  66% used [0x00000007a6ab0000, 0x00000007a78f6318, 0x00000007a8000000)
  to   space 21824K,   0% used [0x00000007a5560000, 0x00000007a5560000, 0x00000007a6ab0000)
 concurrent mark-sweep generation total 393216K, used 0K [0x00000007a8000000, 0x00000007c0000000, 0x00000007c0000000)
 Metaspace       used 27461K, capacity 27890K, committed 28204K, reserved 1075200K
  class space    used 3232K, capacity 3336K, committed 3400K, reserved 1048576K
2016-11-27T08:20:23.465-0100: 3.305: [GC (Allocation Failure) 3.305: [ParNew
Desired survivor size 20112992 bytes, new threshold 8 (max 8)
- age   1:    5042008 bytes,    5042008 total
- age   2:        320 bytes,    5042328 total
- age   3:    5192456 bytes,   10234784 total
- age   4:    4751784 bytes,   14986568 total
: 102040K->17176K(109248K), 0.0077631 secs] 102040K->17176K(502464K), 0.0078348 secs] [Times: user=0.02 sys=0.00, real=0.01 secs] 
Heap after GC invocations=4 (full 1):
 par new generation   total 109248K, used 17176K [0x00000007a0000000, 0x00000007a8000000, 0x00000007a8000000)
  eden space 87424K,   0% used [0x00000007a0000000, 0x00000007a0000000, 0x00000007a5560000)
  from space 21824K,  78% used [0x00000007a5560000, 0x00000007a6626100, 0x00000007a6ab0000)
  to   space 21824K,   0% used [0x00000007a6ab0000, 0x00000007a6ab0000, 0x00000007a8000000)
 concurrent mark-sweep generation total 393216K, used 0K [0x00000007a8000000, 0x00000007c0000000, 0x00000007c0000000)
 Metaspace       used 27461K, capacity 27890K, committed 28204K, reserved 1075200K
  class space    used 3232K, capacity 3336K, committed 3400K, reserved 1048576K
}
2016-11-27T08:20:23.473-0100: 3.313: Total time for which application threads were stopped: 0.0080138 seconds, Stopping threads took: 0.0000161 seconds
2016-11-27T08:20:24.424-0100: 4.264: Total time for which application threads were stopped: 0.0006361 seconds, Stopping threads took: 0.0000523 seconds
2016-11-27T08:20:25.675-0100: 5.515: Total time for which application threads were stopped: 0.0004217 seconds, Stopping threads took: 0.0000193 seconds
2016-11-27T08:20:25.676-0100: 5.516: Total time for which application threads were stopped: 0.0002588 seconds, Stopping threads took: 0.0000105 seconds
2016-11-27T08:20:25.688-0100: 5.528: Total time for which application threads were stopped: 0.0002645 seconds, Stopping threads took: 0.0000125 seconds
2016-11-27T08:20:25.697-0100: 5.537: Total time for which application threads were stopped: 0.0000759 seconds, Stopping threads took: 0.0000234 seconds
2016-11-27T08:20:25.697-0100: 5.537: Total time for which application threads were stopped: 0.0001020 seconds, Stopping threads took: 0.0000621 seconds
2016-11-27T08:20:25.697-0100: 5.537: Total time for which application threads were stopped: 0.0000589 seconds, Stopping threads took: 0.0000181 seconds
2016-11-27T08:20:25.697-0100: 5.538: Total time for which application threads were stopped: 0.0000694 seconds, Stopping threads took: 0.0000234 seconds
2016-11-27T08:20:25.697-0100: 5.538: Total time for which application threads were stopped: 0.0000843 seconds, Stopping threads took: 0.0000437 seconds
2016-11-27T08:20:25.698-0100: 5.538: Total time for which application threads were stopped: 0.0002072 seconds, Stopping threads took: 0.0001697 seconds
2016-11-27T08:20:25.698-0100: 5.539: Total time for which application threads were stopped: 0.0004019 seconds, Stopping threads took: 0.0003641 seconds
2016-11-27T08:20:25.698-0100: 5.539: Total time for which application threads were stopped: 0.0001582 seconds, Stopping threads took: 0.0001098 seconds
2016-11-27T08:20:25.703-0100: 5.544: Total time for which application threads were stopped: 0.0000557 seconds, Stopping threads took: 0.0000097 seconds
2016-11-27T08:20:25.944-0100: 5.784: Total time for which application threads were stopped: 0.0004709 seconds, Stopping threads took: 0.0000292 seconds
2016-11-27T08:20:25.944-0100: 5.785: Total time for which application threads were stopped: 0.0001704 seconds, Stopping threads took: 0.0000090 seconds
2016-11-27T08:20:25.945-0100: 5.786: Total time for which application threads were stopped: 0.0000663 seconds, Stopping threads took: 0.0000090 seconds
2016-11-27T08:20:25.945-0100: 5.786: Total time for which application threads were stopped: 0.0000891 seconds, Stopping threads took: 0.0000290 seconds
2016-11-27T08:20:25.946-0100: 5.786: Total time for which application threads were stopped: 0.0000478 seconds, Stopping threads took: 0.0000070 seconds
2016-11-27T08:20:25.946-0100: 5.786: Total time for which application threads were stopped: 0.0000693 seconds, Stopping threads took: 0.0000329 seconds
2016-11-27T08:20:25.946-0100: 5.786: Total time for which application threads were stopped: 0.0000485 seconds, Stopping threads took: 0.0000056 seconds
2016-11-27T08:20:25.946-0100: 5.786: Total time for which application threads were stopped: 0.0000626 seconds, Stopping threads took: 0.0000207 seconds
2016-11-27T08:20:25.946-0100: 5.786: Total time for which application threads were stopped: 0.0000622 seconds, Stopping threads took: 0.0000107 seconds
2016-11-27T08:20:25.965-0100: 5.806: Total time for which application threads were stopped: 0.0001165 seconds, Stopping threads took: 0.0000220 seconds
2016-11-27T08:20:25.965-0100: 5.806: Total time for which application threads were stopped: 0.0000810 seconds, Stopping threads took: 0.0000294 seconds
2016-11-27T08:20:25.966-0100: 5.806: Total time for which application threads were stopped: 0.0000947 seconds, Stopping threads took: 0.0000320 seconds
2016-11-27T08:20:25.966-0100: 5.806: Total time for which application threads were stopped: 0.0000911 seconds, Stopping threads took: 0.0000283 seconds
2016-11-27T08:20:25.966-0100: 5.806: Total time for which application threads were stopped: 0.0001191 seconds, Stopping threads took: 0.0000333 seconds
2016-11-27T08:20:26.967-0100: 6.807: Total time for which application threads were stopped: 0.0002651 seconds, Stopping threads took: 0.0000700 seconds
2016-11-27T08:20:28.970-0100: 8.811: Total time for which application threads were stopped: 0.0002768 seconds, Stopping threads took: 0.0000549 seconds
2016-11-27T08:20:31.774-0100: 11.615: Total time for which application threads were stopped: 0.0002495 seconds, Stopping threads took: 0.0000354 seconds
2016-11-27T08:20:31.781-0100: 11.621: Total time for which application threads were stopped: 0.0002351 seconds, Stopping threads took: 0.0000176 seconds
2016-11-27T08:20:32.781-0100: 12.622: Total time for which application threads were stopped: 0.0002781 seconds, Stopping threads took: 0.0000585 seconds
2016-11-27T08:20:34.357-0100: 14.198: Total time for which application threads were stopped: 0.0001631 seconds, Stopping threads took: 0.0000731 seconds
2016-11-27T08:20:34.358-0100: 14.198: Total time for which application threads were stopped: 0.0000844 seconds, Stopping threads took: 0.0000164 seconds
2016-11-27T08:20:34.358-0100: 14.199: Total time for which application threads were stopped: 0.0000952 seconds, Stopping threads took: 0.0000389 seconds
2016-11-27T08:20:35.359-0100: 15.200: Total time for which application threads were stopped: 0.0001188 seconds, Stopping threads took: 0.0000271 seconds
2016-11-27T08:20:37.171-0100: 17.012: Total time for which application threads were stopped: 0.0001178 seconds, Stopping threads took: 0.0000411 seconds
2016-11-27T08:20:37.171-0100: 17.012: Total time for which application threads were stopped: 0.0000668 seconds, Stopping threads took: 0.0000294 seconds
2016-11-27T08:20:37.171-0100: 17.012: Total time for which application threads were stopped: 0.0001413 seconds, Stopping threads took: 0.0000960 seconds
2016-11-27T08:20:37.171-0100: 17.012: Total time for which application threads were stopped: 0.0000623 seconds, Stopping threads took: 0.0000296 seconds
2016-11-27T08:20:37.172-0100: 17.013: Total time for which application threads were stopped: 0.0000550 seconds, Stopping threads took: 0.0000171 seconds
2016-11-27T08:20:37.172-0100: 17.013: Total time for which application threads were stopped: 0.0000482 seconds, Stopping threads took: 0.0000161 seconds
2016-11-27T08:20:38.173-0100: 18.014: Total time for which application threads were stopped: 0.0001503 seconds, Stopping threads took: 0.0000348 seconds
2016-11-27T08:20:43.178-0100: 23.019: Total time for which application threads were stopped: 0.0001661 seconds, Stopping threads took: 0.0000343 seconds
2016-11-27T08:20:45.181-0100: 25.022: Total time for which application threads were stopped: 0.0001812 seconds, Stopping threads took: 0.0000408 seconds
2016-11-27T08:20:46.181-0100: 26.022: Total time for which application threads were stopped: 0.0002425 seconds, Stopping threads took: 0.0000344 seconds
2016-11-27T08:20:49.191-0100: 29.032: Total time for which application threads were stopped: 0.0001484 seconds, Stopping threads took: 0.0000552 seconds
2016-11-27T08:20:53.198-0100: 33.039: Total time for which application threads were stopped: 0.0002582 seconds, Stopping threads took: 0.0000592 seconds
2016-11-27T08:20:55.205-0100: 35.046: Total time for which application threads were stopped: 0.0002097 seconds, Stopping threads took: 0.0000603 seconds
{Heap before GC invocations=4 (full 1):
 par new generation   total 109248K, used 104600K [0x00000007a0000000, 0x00000007a8000000, 0x00000007a8000000)
  eden space 87424K, 100% used [0x00000007a0000000, 0x00000007a5560000, 0x00000007a5560000)
  from space 21824K,  78% used [0x00000007a5560000, 0x00000007a6626100, 0x00000007a6ab0000)
  to   space 21824K,   0% used [0x00000007a6ab0000, 0x00000007a6ab0000, 0x00000007a8000000)
 concurrent mark-sweep generation total 393216K, used 0K [0x00000007a8000000, 0x00000007c0000000, 0x00000007c0000000)
 Metaspace       used 29949K, capacity 30370K, committed 30764K, reserved 1077248K
  class space    used 3493K, capacity 3604K, committed 3656K, reserved 1048576K
2016-11-27T08:20:55.262-0100: 35.104: [GC (Allocation Failure) 35.104: [ParNew
Desired survivor size 20112992 bytes, new threshold 8 (max 8)
- age   1:    6100336 bytes,    6100336 total
- age   2:     980848 bytes,    7081184 total
- age   3:        320 bytes,    7081504 total
- age   4:    5116312 bytes,   12197816 total
- age   5:    4706696 bytes,   16904512 total
: 104600K->21824K(109248K), 0.0094109 secs] 104600K->21824K(502464K), 0.0094683 secs] [Times: user=0.03 sys=0.00, real=0.01 secs] 
Heap after GC invocations=5 (full 1):
 par new generation   total 109248K, used 21824K [0x00000007a0000000, 0x00000007a8000000, 0x00000007a8000000)
  eden space 87424K,   0% used [0x00000007a0000000, 0x00000007a0000000, 0x00000007a5560000)
  from space 21824K, 100% used [0x00000007a6ab0000, 0x00000007a8000000, 0x00000007a8000000)
  to   space 21824K,   0% used [0x00000007a5560000, 0x00000007a5560000, 0x00000007a6ab0000)
 concurrent mark-sweep generation total 393216K, used 0K [0x00000007a8000000, 0x00000007c0000000, 0x00000007c0000000)
 Metaspace       used 29949K, capacity 30370K, committed 30764K, reserved 1077248K
  class space    used 3493K, capacity 3604K, committed 3656K, reserved 1048576K
}
2016-11-27T08:20:55.272-0100: 35.113: Total time for which application threads were stopped: 0.0096786 seconds, Stopping threads took: 0.0000387 seconds
2016-11-27T08:20:55.272-0100: 35.114: Total time for which application threads were stopped: 0.0001572 seconds, Stopping threads took: 0.0000673 seconds
2016-11-27T08:20:55.273-0100: 35.114: Total time for which application threads were stopped: 0.0001366 seconds, Stopping threads took: 0.0000673 seconds
2016-11-27T08:20:55.273-0100: 35.114: Total time for which application threads were stopped: 0.0001019 seconds, Stopping threads took: 0.0000295 seconds
2016-11-27T08:20:55.273-0100: 35.115: Total time for which application threads were stopped: 0.0001157 seconds, Stopping threads took: 0.0000593 seconds
2016-11-27T08:20:55.273-0100: 35.115: Total time for which application threads were stopped: 0.0001283 seconds, Stopping threads took: 0.0000211 seconds
2016-11-27T08:20:55.274-0100: 35.115: Total time for which application threads were stopped: 0.0000766 seconds, Stopping threads took: 0.0000180 seconds
2016-11-27T08:20:55.283-0100: 35.124: Total time for which application threads were stopped: 0.0001066 seconds, Stopping threads took: 0.0000226 seconds
2016-11-27T08:20:55.375-0100: 35.216: Total time for which application threads were stopped: 0.0002080 seconds, Stopping threads took: 0.0000577 seconds
2016-11-27T08:20:55.382-0100: 35.223: Total time for which application threads were stopped: 0.0001538 seconds, Stopping threads took: 0.0000357 seconds
2016-11-27T08:20:55.392-0100: 35.233: Total time for which application threads were stopped: 0.0001618 seconds, Stopping threads took: 0.0000387 seconds
2016-11-27T08:20:55.393-0100: 35.235: Total time for which application threads were stopped: 0.0001388 seconds, Stopping threads took: 0.0000565 seconds
2016-11-27T08:20:56.399-0100: 36.240: Total time for which application threads were stopped: 0.0002465 seconds, Stopping threads took: 0.0000564 seconds
2016-11-27T08:20:59.407-0100: 39.248: Total time for which application threads were stopped: 0.0002056 seconds, Stopping threads took: 0.0000615 seconds
2016-11-27T08:21:03.330-0100: 43.172: Total time for which application threads were stopped: 0.0001177 seconds, Stopping threads took: 0.0000232 seconds
2016-11-27T08:21:03.331-0100: 43.173: Total time for which application threads were stopped: 0.0002638 seconds, Stopping threads took: 0.0000121 seconds
2016-11-27T08:21:04.333-0100: 44.174: Total time for which application threads were stopped: 0.0002276 seconds, Stopping threads took: 0.0000798 seconds
2016-11-27T08:21:05.449-0100: 45.291: Total time for which application threads were stopped: 0.0002009 seconds, Stopping threads took: 0.0001068 seconds
2016-11-27T08:21:05.450-0100: 45.291: Total time for which application threads were stopped: 0.0004168 seconds, Stopping threads took: 0.0000122 seconds
2016-11-27T08:21:05.463-0100: 45.305: Total time for which application threads were stopped: 0.0001230 seconds, Stopping threads took: 0.0000148 seconds
2016-11-27T08:21:05.464-0100: 45.306: Total time for which application threads were stopped: 0.0001060 seconds, Stopping threads took: 0.0000285 seconds
2016-11-27T08:21:05.468-0100: 45.310: Total time for which application threads were stopped: 0.0000958 seconds, Stopping threads took: 0.0000167 seconds
2016-11-27T08:21:05.468-0100: 45.310: Total time for which application threads were stopped: 0.0001014 seconds, Stopping threads took: 0.0000132 seconds
2016-11-27T08:21:05.469-0100: 45.311: Total time for which application threads were stopped: 0.0001152 seconds, Stopping threads took: 0.0000330 seconds
2016-11-27T08:21:05.470-0100: 45.311: Total time for which application threads were stopped: 0.0000984 seconds, Stopping threads took: 0.0000443 seconds
2016-11-27T08:21:05.489-0100: 45.331: Total time for which application threads were stopped: 0.0001656 seconds, Stopping threads took: 0.0000472 seconds
2016-11-27T08:21:05.490-0100: 45.331: Total time for which application threads were stopped: 0.0000700 seconds, Stopping threads took: 0.0000211 seconds
2016-11-27T08:21:05.490-0100: 45.331: Total time for which application threads were stopped: 0.0000638 seconds, Stopping threads took: 0.0000093 seconds
2016-11-27T08:21:05.490-0100: 45.331: Total time for which application threads were stopped: 0.0000615 seconds, Stopping threads took: 0.0000092 seconds
2016-11-27T08:21:05.490-0100: 45.331: Total time for which application threads were stopped: 0.0000612 seconds, Stopping threads took: 0.0000092 seconds
2016-11-27T08:21:05.510-0100: 45.352: Total time for which application threads were stopped: 0.0000887 seconds, Stopping threads took: 0.0000175 seconds
2016-11-27T08:21:05.511-0100: 45.352: Total time for which application threads were stopped: 0.0000772 seconds, Stopping threads took: 0.0000132 seconds
2016-11-27T08:21:05.511-0100: 45.352: Total time for which application threads were stopped: 0.0001672 seconds, Stopping threads took: 0.0000712 seconds
2016-11-27T08:21:05.511-0100: 45.353: Total time for which application threads were stopped: 0.0001240 seconds, Stopping threads took: 0.0000354 seconds
2016-11-27T08:21:05.511-0100: 45.353: Total time for which application threads were stopped: 0.0002783 seconds, Stopping threads took: 0.0001614 seconds
2016-11-27T08:21:05.512-0100: 45.354: Total time for which application threads were stopped: 0.0001125 seconds, Stopping threads took: 0.0000212 seconds
2016-11-27T08:21:06.517-0100: 46.358: Total time for which application threads were stopped: 0.0002672 seconds, Stopping threads took: 0.0000571 seconds
2016-11-27T08:21:07.522-0100: 47.364: Total time for which application threads were stopped: 0.0002477 seconds, Stopping threads took: 0.0000729 seconds
2016-11-27T08:21:07.935-0100: 47.777: Total time for which application threads were stopped: 0.0001282 seconds, Stopping threads took: 0.0000491 seconds
2016-11-27T08:21:08.503-0100: 48.344: Total time for which application threads were stopped: 0.0001533 seconds, Stopping threads took: 0.0000249 seconds
2016-11-27T08:21:08.503-0100: 48.345: Total time for which application threads were stopped: 0.0000783 seconds, Stopping threads took: 0.0000215 seconds
2016-11-27T08:21:08.503-0100: 48.345: Total time for which application threads were stopped: 0.0000720 seconds, Stopping threads took: 0.0000120 seconds
2016-11-27T08:21:08.503-0100: 48.345: Total time for which application threads were stopped: 0.0000528 seconds, Stopping threads took: 0.0000091 seconds
2016-11-27T08:21:08.503-0100: 48.345: Total time for which application threads were stopped: 0.0000467 seconds, Stopping threads took: 0.0000076 seconds
2016-11-27T08:21:08.503-0100: 48.345: Total time for which application threads were stopped: 0.0000896 seconds, Stopping threads took: 0.0000090 seconds
2016-11-27T08:21:08.503-0100: 48.345: Total time for which application threads were stopped: 0.0000528 seconds, Stopping threads took: 0.0000091 seconds
2016-11-27T08:21:08.503-0100: 48.345: Total time for which application threads were stopped: 0.0000437 seconds, Stopping threads took: 0.0000070 seconds
2016-11-27T08:21:09.164-0100: 49.006: Total time for which application threads were stopped: 0.0001439 seconds, Stopping threads took: 0.0000394 seconds
2016-11-27T08:21:09.164-0100: 49.006: Total time for which application threads were stopped: 0.0000641 seconds, Stopping threads took: 0.0000125 seconds
2016-11-27T08:21:09.851-0100: 49.693: Total time for which application threads were stopped: 0.0007373 seconds, Stopping threads took: 0.0000347 seconds
2016-11-27T08:21:09.852-0100: 49.694: Total time for which application threads were stopped: 0.0001033 seconds, Stopping threads took: 0.0000259 seconds
2016-11-27T08:21:09.853-0100: 49.695: Total time for which application threads were stopped: 0.0000646 seconds, Stopping threads took: 0.0000122 seconds
2016-11-27T08:21:09.868-0100: 49.710: Total time for which application threads were stopped: 0.0001030 seconds, Stopping threads took: 0.0000320 seconds
2016-11-27T08:21:10.870-0100: 50.712: Total time for which application threads were stopped: 0.0001175 seconds, Stopping threads took: 0.0000302 seconds
2016-11-27T08:21:11.871-0100: 51.713: Total time for which application threads were stopped: 0.0003043 seconds, Stopping threads took: 0.0000594 seconds
2016-11-27T08:21:15.882-0100: 55.724: Total time for which application threads were stopped: 0.0002847 seconds, Stopping threads took: 0.0000585 seconds
{Heap before GC invocations=5 (full 1):
 par new generation   total 109248K, used 109248K [0x00000007a0000000, 0x00000007a8000000, 0x00000007a8000000)
  eden space 87424K, 100% used [0x00000007a0000000, 0x00000007a5560000, 0x00000007a5560000)
  from space 21824K, 100% used [0x00000007a6ab0000, 0x00000007a8000000, 0x00000007a8000000)
  to   space 21824K,   0% used [0x00000007a5560000, 0x00000007a5560000, 0x00000007a6ab0000)
 concurrent mark-sweep generation total 393216K, used 0K [0x00000007a8000000, 0x00000007c0000000, 0x00000007c0000000)
 Metaspace       used 30344K, capacity 30828K, committed 31276K, reserved 1077248K
  class space    used 3519K, capacity 3643K, committed 3656K, reserved 1048576K
2016-11-27T08:21:20.704-0100: 60.546: [GC (Allocation Failure) 60.546: [ParNew
Desired survivor size 20112992 bytes, new threshold 8 (max 8)
- age   1:     777104 bytes,     777104 total
- age   2:    3790968 bytes,    4568072 total
- age   3:     881096 bytes,    5449168 total
- age   4:        320 bytes,    5449488 total
- age   5:    5115536 bytes,   10565024 total
- age   6:    4706392 bytes,   15271416 total
: 109248K->19074K(109248K), 0.0107791 secs] 109248K->19074K(502464K), 0.0108713 secs] [Times: user=0.04 sys=0.00, real=0.01 secs] 
Heap after GC invocations=6 (full 1):
 par new generation   total 109248K, used 19074K [0x00000007a0000000, 0x00000007a8000000, 0x00000007a8000000)
  eden space 87424K,   0% used [0x00000007a0000000, 0x00000007a0000000, 0x00000007a5560000)
  from space 21824K,  87% used [0x00000007a5560000, 0x00000007a6800850, 0x00000007a6ab0000)
  to   space 21824K,   0% used [0x00000007a6ab0000, 0x00000007a6ab0000, 0x00000007a8000000)
 concurrent mark-sweep generation total 393216K, used 0K [0x00000007a8000000, 0x00000007c0000000, 0x00000007c0000000)
 Metaspace       used 30344K, capacity 30828K, committed 31276K, reserved 1077248K
  class space    used 3519K, capacity 3643K, committed 3656K, reserved 1048576K
}
2016-11-27T08:21:20.715-0100: 60.557: Total time for which application threads were stopped: 0.0111614 seconds, Stopping threads took: 0.0000503 seconds
2016-11-27T08:21:20.715-0100: 60.557: Total time for which application threads were stopped: 0.0001027 seconds, Stopping threads took: 0.0000220 seconds
2016-11-27T08:21:20.715-0100: 60.557: Total time for which application threads were stopped: 0.0000666 seconds, Stopping threads took: 0.0000208 seconds
2016-11-27T08:21:20.715-0100: 60.557: Total time for which application threads were stopped: 0.0000440 seconds, Stopping threads took: 0.0000072 seconds
2016-11-27T08:21:20.715-0100: 60.557: Total time for which application threads were stopped: 0.0000417 seconds, Stopping threads took: 0.0000064 seconds
2016-11-27T08:21:20.715-0100: 60.557: Total time for which application threads were stopped: 0.0000517 seconds, Stopping threads took: 0.0000096 seconds
2016-11-27T08:21:20.715-0100: 60.557: Total time for which application threads were stopped: 0.0000428 seconds, Stopping threads took: 0.0000068 seconds
2016-11-27T08:21:20.715-0100: 60.557: Total time for which application threads were stopped: 0.0000408 seconds, Stopping threads took: 0.0000063 seconds
2016-11-27T08:21:20.715-0100: 60.557: Total time for which application threads were stopped: 0.0000416 seconds, Stopping threads took: 0.0000074 seconds
2016-11-27T08:21:20.715-0100: 60.557: Total time for which application threads were stopped: 0.0000408 seconds, Stopping threads took: 0.0000066 seconds
2016-11-27T08:21:20.715-0100: 60.557: Total time for which application threads were stopped: 0.0000397 seconds, Stopping threads took: 0.0000062 seconds
2016-11-27T08:21:20.715-0100: 60.558: Total time for which application threads were stopped: 0.0000396 seconds, Stopping threads took: 0.0000063 seconds
2016-11-27T08:21:46.507-0100: 86.350: Total time for which application threads were stopped: 0.0001110 seconds, Stopping threads took: 0.0000288 seconds
2016-11-27T08:21:46.507-0100: 86.350: Total time for which application threads were stopped: 0.0000564 seconds, Stopping threads took: 0.0000093 seconds
2016-11-27T08:21:46.540-0100: 86.383: Total time for which application threads were stopped: 0.0001060 seconds, Stopping threads took: 0.0000243 seconds
2016-11-27T08:21:46.541-0100: 86.384: Total time for which application threads were stopped: 0.0001057 seconds, Stopping threads took: 0.0000121 seconds
2016-11-27T08:21:47.139-0100: 86.982: Total time for which application threads were stopped: 0.0001839 seconds, Stopping threads took: 0.0000284 seconds
2016-11-27T08:21:55.465-0100: 95.308: Total time for which application threads were stopped: 0.0001849 seconds, Stopping threads took: 0.0000459 seconds
2016-11-27T08:21:55.473-0100: 95.316: Total time for which application threads were stopped: 0.0000894 seconds, Stopping threads took: 0.0000210 seconds
2016-11-27T08:21:57.731-0100: 97.574: Total time for which application threads were stopped: 0.0000944 seconds, Stopping threads took: 0.0000192 seconds
2016-11-27T08:21:57.731-0100: 97.574: Total time for which application threads were stopped: 0.0000537 seconds, Stopping threads took: 0.0000094 seconds
2016-11-27T08:21:57.754-0100: 97.597: Total time for which application threads were stopped: 0.0001183 seconds, Stopping threads took: 0.0000261 seconds
2016-11-27T08:21:57.754-0100: 97.597: Total time for which application threads were stopped: 0.0001027 seconds, Stopping threads took: 0.0000145 seconds
2016-11-27T08:21:58.399-0100: 98.242: Total time for which application threads were stopped: 0.0001456 seconds, Stopping threads took: 0.0000277 seconds
2016-11-27T08:22:05.514-0100: 105.358: Total time for which application threads were stopped: 0.0001200 seconds, Stopping threads took: 0.0000227 seconds
2016-11-27T08:22:05.725-0100: 105.568: Total time for which application threads were stopped: 0.0001084 seconds, Stopping threads took: 0.0000225 seconds
2016-11-27T08:22:06.073-0100: 105.917: Total time for which application threads were stopped: 0.0001524 seconds, Stopping threads took: 0.0000669 seconds
2016-11-27T08:22:06.073-0100: 105.917: Total time for which application threads were stopped: 0.0000844 seconds, Stopping threads took: 0.0000259 seconds
2016-11-27T08:22:06.096-0100: 105.940: Total time for which application threads were stopped: 0.0001157 seconds, Stopping threads took: 0.0000276 seconds
2016-11-27T08:22:06.097-0100: 105.940: Total time for which application threads were stopped: 0.0000465 seconds, Stopping threads took: 0.0000082 seconds
2016-11-27T08:22:06.105-0100: 105.948: Total time for which application threads were stopped: 0.0005087 seconds, Stopping threads took: 0.0000177 seconds
2016-11-27T08:22:06.133-0100: 105.976: Total time for which application threads were stopped: 0.0001071 seconds, Stopping threads took: 0.0000208 seconds
2016-11-27T08:22:06.139-0100: 105.983: Total time for which application threads were stopped: 0.0000648 seconds, Stopping threads took: 0.0000122 seconds
2016-11-27T08:22:06.142-0100: 105.985: Total time for which application threads were stopped: 0.0000671 seconds, Stopping threads took: 0.0000124 seconds
2016-11-27T08:22:06.161-0100: 106.005: Total time for which application threads were stopped: 0.0003829 seconds, Stopping threads took: 0.0000178 seconds
2016-11-27T08:22:06.435-0100: 106.278: Total time for which application threads were stopped: 0.0002102 seconds, Stopping threads took: 0.0000225 seconds
2016-11-27T08:22:06.589-0100: 106.432: Total time for which application threads were stopped: 0.0001933 seconds, Stopping threads took: 0.0000346 seconds
2016-11-27T08:22:06.591-0100: 106.435: Total time for which application threads were stopped: 0.0003564 seconds, Stopping threads took: 0.0000147 seconds
2016-11-27T08:22:07.591-0100: 107.435: Total time for which application threads were stopped: 0.0001882 seconds, Stopping threads took: 0.0000259 seconds
{Heap before GC invocations=6 (full 1):
 par new generation   total 109248K, used 106498K [0x00000007a0000000, 0x00000007a8000000, 0x00000007a8000000)
  eden space 87424K, 100% used [0x00000007a0000000, 0x00000007a5560000, 0x00000007a5560000)
  from space 21824K,  87% used [0x00000007a5560000, 0x00000007a6800850, 0x00000007a6ab0000)
  to   space 21824K,   0% used [0x00000007a6ab0000, 0x00000007a6ab0000, 0x00000007a8000000)
 concurrent mark-sweep generation total 393216K, used 0K [0x00000007a8000000, 0x00000007c0000000, 0x00000007c0000000)
 Metaspace       used 31819K, capacity 32364K, committed 32684K, reserved 1079296K
  class space    used 3622K, capacity 3771K, committed 3784K, reserved 1048576K
2016-11-27T08:22:07.639-0100: 107.483: [GC (Allocation Failure) 107.483: [ParNew
Desired survivor size 20112992 bytes, new threshold 7 (max 8)
- age   1:    8197984 bytes,    8197984 total
- age   2:     692152 bytes,    8890136 total
- age   3:    3765664 bytes,   12655800 total
- age   4:     732808 bytes,   13388608 total
- age   5:        320 bytes,   13388928 total
- age   6:    3992280 bytes,   17381208 total
- age   7:    4677824 bytes,   22059032 total
: 106498K->21824K(109248K), 0.0109565 secs] 106498K->23281K(502464K), 0.0110400 secs] [Times: user=0.03 sys=0.00, real=0.02 secs] 
Heap after GC invocations=7 (full 1):
 par new generation   total 109248K, used 21824K [0x00000007a0000000, 0x00000007a8000000, 0x00000007a8000000)
  eden space 87424K,   0% used [0x00000007a0000000, 0x00000007a0000000, 0x00000007a5560000)
  from space 21824K, 100% used [0x00000007a6ab0000, 0x00000007a8000000, 0x00000007a8000000)
  to   space 21824K,   0% used [0x00000007a5560000, 0x00000007a5560000, 0x00000007a6ab0000)
 concurrent mark-sweep generation total 393216K, used 1457K [0x00000007a8000000, 0x00000007c0000000, 0x00000007c0000000)
 Metaspace       used 31819K, capacity 32364K, committed 32684K, reserved 1079296K
  class space    used 3622K, capacity 3771K, committed 3784K, reserved 1048576K
}
2016-11-27T08:22:07.650-0100: 107.494: Total time for which application threads were stopped: 0.0112208 seconds, Stopping threads took: 0.0000292 seconds
2016-11-27T08:22:08.387-0100: 108.230: Total time for which application threads were stopped: 0.0001440 seconds, Stopping threads took: 0.0000250 seconds
2016-11-27T08:22:08.387-0100: 108.230: Total time for which application threads were stopped: 0.0000779 seconds, Stopping threads took: 0.0000113 seconds
2016-11-27T08:22:08.387-0100: 108.230: Total time for which application threads were stopped: 0.0000723 seconds, Stopping threads took: 0.0000118 seconds
2016-11-27T08:22:08.387-0100: 108.231: Total time for which application threads were stopped: 0.0000924 seconds, Stopping threads took: 0.0000408 seconds
2016-11-27T08:22:08.388-0100: 108.232: Total time for which application threads were stopped: 0.0000886 seconds, Stopping threads took: 0.0000245 seconds
2016-11-27T08:22:08.389-0100: 108.232: Total time for which application threads were stopped: 0.0000780 seconds, Stopping threads took: 0.0000259 seconds
2016-11-27T08:22:08.389-0100: 108.232: Total time for which application threads were stopped: 0.0000569 seconds, Stopping threads took: 0.0000097 seconds
2016-11-27T08:22:08.389-0100: 108.233: Total time for which application threads were stopped: 0.0001757 seconds, Stopping threads took: 0.0000091 seconds
2016-11-27T08:22:08.389-0100: 108.233: Total time for which application threads were stopped: 0.0000652 seconds, Stopping threads took: 0.0000101 seconds
2016-11-27T08:22:08.389-0100: 108.233: Total time for which application threads were stopped: 0.0000701 seconds, Stopping threads took: 0.0000263 seconds
2016-11-27T08:22:08.401-0100: 108.244: Total time for which application threads were stopped: 0.0001205 seconds, Stopping threads took: 0.0000231 seconds
2016-11-27T08:22:08.407-0100: 108.251: Total time for which application threads were stopped: 0.0001300 seconds, Stopping threads took: 0.0000193 seconds
2016-11-27T08:22:08.408-0100: 108.251: Total time for which application threads were stopped: 0.0000650 seconds, Stopping threads took: 0.0000084 seconds
2016-11-27T08:22:08.658-0100: 108.502: Total time for which application threads were stopped: 0.0001761 seconds, Stopping threads took: 0.0000207 seconds
2016-11-27T08:22:08.659-0100: 108.503: Total time for which application threads were stopped: 0.0000578 seconds, Stopping threads took: 0.0000101 seconds
2016-11-27T08:22:08.661-0100: 108.504: Total time for which application threads were stopped: 0.0000612 seconds, Stopping threads took: 0.0000114 seconds
2016-11-27T08:22:08.661-0100: 108.504: Total time for which application threads were stopped: 0.0000429 seconds, Stopping threads took: 0.0000077 seconds
2016-11-27T08:22:08.661-0100: 108.504: Total time for which application threads were stopped: 0.0000386 seconds, Stopping threads took: 0.0000067 seconds
2016-11-27T08:22:08.661-0100: 108.504: Total time for which application threads were stopped: 0.0001073 seconds, Stopping threads took: 0.0000067 seconds
2016-11-27T08:22:08.661-0100: 108.505: Total time for which application threads were stopped: 0.0000608 seconds, Stopping threads took: 0.0000240 seconds
2016-11-27T08:22:08.697-0100: 108.541: Total time for which application threads were stopped: 0.0000706 seconds, Stopping threads took: 0.0000131 seconds
2016-11-27T08:22:08.700-0100: 108.543: Total time for which application threads were stopped: 0.0001140 seconds, Stopping threads took: 0.0000313 seconds
2016-11-27T08:22:08.700-0100: 108.544: Total time for which application threads were stopped: 0.0001077 seconds, Stopping threads took: 0.0000248 seconds
2016-11-27T08:22:08.700-0100: 108.544: Total time for which application threads were stopped: 0.0000909 seconds, Stopping threads took: 0.0000260 seconds
2016-11-27T08:22:08.700-0100: 108.544: Total time for which application threads were stopped: 0.0000837 seconds, Stopping threads took: 0.0000284 seconds
2016-11-27T08:22:08.701-0100: 108.544: Total time for which application threads were stopped: 0.0001025 seconds, Stopping threads took: 0.0000489 seconds
2016-11-27T08:22:08.702-0100: 108.546: Total time for which application threads were stopped: 0.0000690 seconds, Stopping threads took: 0.0000123 seconds
2016-11-27T08:22:08.702-0100: 108.546: Total time for which application threads were stopped: 0.0000948 seconds, Stopping threads took: 0.0000561 seconds
2016-11-27T08:22:09.104-0100: 108.948: Total time for which application threads were stopped: 0.0001649 seconds, Stopping threads took: 0.0000202 seconds
2016-11-27T08:22:11.110-0100: 110.954: Total time for which application threads were stopped: 0.0002396 seconds, Stopping threads took: 0.0000541 seconds
2016-11-27T08:22:16.968-0100: 116.811: Total time for which application threads were stopped: 0.0000978 seconds, Stopping threads took: 0.0000210 seconds
2016-11-27T08:22:16.968-0100: 116.811: Total time for which application threads were stopped: 0.0000517 seconds, Stopping threads took: 0.0000084 seconds
2016-11-27T08:22:16.968-0100: 116.812: Total time for which application threads were stopped: 0.0000504 seconds, Stopping threads took: 0.0000087 seconds
2016-11-27T08:22:16.968-0100: 116.812: Total time for which application threads were stopped: 0.0000461 seconds, Stopping threads took: 0.0000070 seconds
2016-11-27T08:22:17.972-0100: 117.816: Total time for which application threads were stopped: 0.0002081 seconds, Stopping threads took: 0.0000815 seconds
2016-11-27T08:22:19.980-0100: 119.824: Total time for which application threads were stopped: 0.0001076 seconds, Stopping threads took: 0.0000210 seconds
2016-11-27T08:22:20.985-0100: 120.829: Total time for which application threads were stopped: 0.0002831 seconds, Stopping threads took: 0.0000559 seconds
2016-11-27T08:22:21.988-0100: 121.832: Total time for which application threads were stopped: 0.0001937 seconds, Stopping threads took: 0.0000330 seconds
2016-11-27T08:22:23.229-0100: 123.073: Total time for which application threads were stopped: 0.0001084 seconds, Stopping threads took: 0.0000210 seconds
2016-11-27T08:22:23.245-0100: 123.089: Total time for which application threads were stopped: 0.0001020 seconds, Stopping threads took: 0.0000260 seconds
{Heap before GC invocations=7 (full 1):
 par new generation   total 109248K, used 109248K [0x00000007a0000000, 0x00000007a8000000, 0x00000007a8000000)
  eden space 87424K, 100% used [0x00000007a0000000, 0x00000007a5560000, 0x00000007a5560000)
  from space 21824K, 100% used [0x00000007a6ab0000, 0x00000007a8000000, 0x00000007a8000000)
  to   space 21824K,   0% used [0x00000007a5560000, 0x00000007a5560000, 0x00000007a6ab0000)
 concurrent mark-sweep generation total 393216K, used 1457K [0x00000007a8000000, 0x00000007c0000000, 0x00000007c0000000)
 Metaspace       used 32311K, capacity 32844K, committed 33324K, reserved 1079296K
  class space    used 3660K, capacity 3803K, committed 3912K, reserved 1048576K
2016-11-27T08:22:23.289-0100: 123.133: [GC (Allocation Failure) 123.133: [ParNew
Desired survivor size 20112992 bytes, new threshold 8 (max 8)
- age   1:    1557824 bytes,    1557824 total
- age   2:     539256 bytes,    2097080 total
- age   3:     585544 bytes,    2682624 total
- age   4:    3757992 bytes,    6440616 total
- age   5:     732736 bytes,    7173352 total
- age   6:        320 bytes,    7173672 total
- age   7:    3992264 bytes,   11165936 total
: 109248K->20308K(109248K), 0.0188495 secs] 110705K->26830K(502464K), 0.0189158 secs] [Times: user=0.08 sys=0.01, real=0.02 secs] 
Heap after GC invocations=8 (full 1):
 par new generation   total 109248K, used 20308K [0x00000007a0000000, 0x00000007a8000000, 0x00000007a8000000)
  eden space 87424K,   0% used [0x00000007a0000000, 0x00000007a0000000, 0x00000007a5560000)
  from space 21824K,  93% used [0x00000007a5560000, 0x00000007a6935148, 0x00000007a6ab0000)
  to   space 21824K,   0% used [0x00000007a6ab0000, 0x00000007a6ab0000, 0x00000007a8000000)
 concurrent mark-sweep generation total 393216K, used 6522K [0x00000007a8000000, 0x00000007c0000000, 0x00000007c0000000)
 Metaspace       used 32311K, capacity 32844K, committed 33324K, reserved 1079296K
  class space    used 3660K, capacity 3803K, committed 3912K, reserved 1048576K
}
2016-11-27T08:22:23.308-0100: 123.152: Total time for which application threads were stopped: 0.0190841 seconds, Stopping threads took: 0.0000179 seconds
2016-11-27T08:22:23.308-0100: 123.152: Total time for which application threads were stopped: 0.0001672 seconds, Stopping threads took: 0.0000724 seconds
2016-11-27T08:22:23.308-0100: 123.152: Total time for which application threads were stopped: 0.0000788 seconds, Stopping threads took: 0.0000144 seconds
2016-11-27T08:22:23.308-0100: 123.152: Total time for which application threads were stopped: 0.0001450 seconds, Stopping threads took: 0.0000804 seconds
2016-11-27T08:22:23.309-0100: 123.153: Total time for which application threads were stopped: 0.0001036 seconds, Stopping threads took: 0.0000491 seconds
2016-11-27T08:22:23.309-0100: 123.153: Total time for which application threads were stopped: 0.0001287 seconds, Stopping threads took: 0.0000742 seconds
2016-11-27T08:22:23.309-0100: 123.153: Total time for which application threads were stopped: 0.0000638 seconds, Stopping threads took: 0.0000208 seconds
2016-11-27T08:22:23.309-0100: 123.153: Total time for which application threads were stopped: 0.0000565 seconds, Stopping threads took: 0.0000086 seconds
2016-11-27T08:22:23.309-0100: 123.153: Total time for which application threads were stopped: 0.0001278 seconds, Stopping threads took: 0.0000630 seconds
2016-11-27T08:22:23.309-0100: 123.153: Total time for which application threads were stopped: 0.0001353 seconds, Stopping threads took: 0.0000726 seconds
2016-11-27T08:22:23.310-0100: 123.153: Total time for which application threads were stopped: 0.0001319 seconds, Stopping threads took: 0.0000798 seconds
2016-11-27T08:22:23.310-0100: 123.154: Total time for which application threads were stopped: 0.0000874 seconds, Stopping threads took: 0.0000508 seconds
2016-11-27T08:22:23.310-0100: 123.154: Total time for which application threads were stopped: 0.0001028 seconds, Stopping threads took: 0.0000615 seconds
2016-11-27T08:22:23.310-0100: 123.154: Total time for which application threads were stopped: 0.0000784 seconds, Stopping threads took: 0.0000441 seconds
2016-11-27T08:22:23.368-0100: 123.212: Total time for which application threads were stopped: 0.0001452 seconds, Stopping threads took: 0.0000196 seconds
2016-11-27T08:22:23.368-0100: 123.212: Total time for which application threads were stopped: 0.0000766 seconds, Stopping threads took: 0.0000240 seconds
2016-11-27T08:22:23.369-0100: 123.213: Total time for which application threads were stopped: 0.0000559 seconds, Stopping threads took: 0.0000094 seconds
2016-11-27T08:22:23.409-0100: 123.253: Total time for which application threads were stopped: 0.0002029 seconds, Stopping threads took: 0.0000579 seconds
2016-11-27T08:22:23.420-0100: 123.264: Total time for which application threads were stopped: 0.0001041 seconds, Stopping threads took: 0.0000213 seconds
2016-11-27T08:22:23.420-0100: 123.264: Total time for which application threads were stopped: 0.0001342 seconds, Stopping threads took: 0.0000976 seconds
2016-11-27T08:22:23.421-0100: 123.265: Total time for which application threads were stopped: 0.0000747 seconds, Stopping threads took: 0.0000128 seconds
2016-11-27T08:22:23.421-0100: 123.265: Total time for which application threads were stopped: 0.0000692 seconds, Stopping threads took: 0.0000107 seconds
2016-11-27T08:22:23.421-0100: 123.265: Total time for which application threads were stopped: 0.0000621 seconds, Stopping threads took: 0.0000114 seconds
2016-11-27T08:22:23.427-0100: 123.271: Total time for which application threads were stopped: 0.0000975 seconds, Stopping threads took: 0.0000398 seconds
2016-11-27T08:22:23.427-0100: 123.271: Total time for which application threads were stopped: 0.0000683 seconds, Stopping threads took: 0.0000296 seconds
2016-11-27T08:22:23.427-0100: 123.271: Total time for which application threads were stopped: 0.0000549 seconds, Stopping threads took: 0.0000120 seconds
2016-11-27T08:22:23.428-0100: 123.272: Total time for which application threads were stopped: 0.0000773 seconds, Stopping threads took: 0.0000235 seconds
2016-11-27T08:22:23.428-0100: 123.272: Total time for which application threads were stopped: 0.0000960 seconds, Stopping threads took: 0.0000322 seconds
2016-11-27T08:22:23.429-0100: 123.273: Total time for which application threads were stopped: 0.0000635 seconds, Stopping threads took: 0.0000276 seconds
2016-11-27T08:22:23.429-0100: 123.273: Total time for which application threads were stopped: 0.0000623 seconds, Stopping threads took: 0.0000255 seconds
2016-11-27T08:22:23.429-0100: 123.273: Total time for which application threads were stopped: 0.0000538 seconds, Stopping threads took: 0.0000232 seconds
2016-11-27T08:22:23.429-0100: 123.273: Total time for which application threads were stopped: 0.0000546 seconds, Stopping threads took: 0.0000243 seconds
2016-11-27T08:22:23.429-0100: 123.273: Total time for which application threads were stopped: 0.0000662 seconds, Stopping threads took: 0.0000272 seconds
2016-11-27T08:22:23.429-0100: 123.273: Total time for which application threads were stopped: 0.0000469 seconds, Stopping threads took: 0.0000105 seconds
2016-11-27T08:22:24.433-0100: 124.277: Total time for which application threads were stopped: 0.0001632 seconds, Stopping threads took: 0.0000536 seconds
2016-11-27T08:22:25.435-0100: 125.279: Total time for which application threads were stopped: 0.0001529 seconds, Stopping threads took: 0.0000337 seconds
2016-11-27T08:22:27.221-0100: 127.066: Total time for which application threads were stopped: 0.0001117 seconds, Stopping threads took: 0.0000231 seconds
2016-11-27T08:22:27.222-0100: 127.066: Total time for which application threads were stopped: 0.0002891 seconds, Stopping threads took: 0.0000113 seconds
2016-11-27T08:22:28.227-0100: 128.071: Total time for which application threads were stopped: 0.0002924 seconds, Stopping threads took: 0.0000711 seconds
2016-11-27T08:23:17.230-0100: 177.075: Total time for which application threads were stopped: 0.0001318 seconds, Stopping threads took: 0.0000266 seconds
2016-11-27T08:24:01.720-0100: 221.567: Total time for which application threads were stopped: 0.0001126 seconds, Stopping threads took: 0.0000256 seconds
2016-11-27T08:24:01.720-0100: 221.567: Total time for which application threads were stopped: 0.0000462 seconds, Stopping threads took: 0.0000064 seconds
2016-11-27T08:24:01.720-0100: 221.567: Total time for which application threads were stopped: 0.0000378 seconds, Stopping threads took: 0.0000060 seconds
2016-11-27T08:24:01.720-0100: 221.567: Total time for which application threads were stopped: 0.0000369 seconds, Stopping threads took: 0.0000061 seconds
2016-11-27T08:24:01.723-0100: 221.570: Total time for which application threads were stopped: 0.0000569 seconds, Stopping threads took: 0.0000105 seconds
2016-11-27T08:24:01.724-0100: 221.571: Total time for which application threads were stopped: 0.0000545 seconds, Stopping threads took: 0.0000093 seconds
2016-11-27T08:24:01.754-0100: 221.601: Total time for which application threads were stopped: 0.0001252 seconds, Stopping threads took: 0.0000210 seconds
2016-11-27T08:24:01.786-0100: 221.633: Total time for which application threads were stopped: 0.0001228 seconds, Stopping threads took: 0.0000210 seconds
2016-11-27T08:24:02.789-0100: 222.636: Total time for which application threads were stopped: 0.0002558 seconds, Stopping threads took: 0.0000609 seconds
2016-11-27T08:24:05.792-0100: 225.639: Total time for which application threads were stopped: 0.0001500 seconds, Stopping threads took: 0.0000752 seconds
2016-11-27T08:24:09.801-0100: 229.649: Total time for which application threads were stopped: 0.0002565 seconds, Stopping threads took: 0.0000544 seconds
{Heap before GC invocations=8 (full 1):
 par new generation   total 109248K, used 107732K [0x00000007a0000000, 0x00000007a8000000, 0x00000007a8000000)
  eden space 87424K, 100% used [0x00000007a0000000, 0x00000007a5560000, 0x00000007a5560000)
  from space 21824K,  93% used [0x00000007a5560000, 0x00000007a6935148, 0x00000007a6ab0000)
  to   space 21824K,   0% used [0x00000007a6ab0000, 0x00000007a6ab0000, 0x00000007a8000000)
 concurrent mark-sweep generation total 393216K, used 6522K [0x00000007a8000000, 0x00000007c0000000, 0x00000007c0000000)
 Metaspace       used 32752K, capacity 33278K, committed 33836K, reserved 1079296K
  class space    used 3682K, capacity 3838K, committed 3912K, reserved 1048576K
2016-11-27T08:24:09.937-0100: 229.784: [GC (Allocation Failure) 229.784: [ParNew
Desired survivor size 20112992 bytes, new threshold 8 (max 8)
- age   1:    1798416 bytes,    1798416 total
- age   2:     915024 bytes,    2713440 total
- age   3:     538016 bytes,    3251456 total
- age   4:     518816 bytes,    3770272 total
- age   5:    3757736 bytes,    7528008 total
- age   6:     732680 bytes,    8260688 total
- age   7:        320 bytes,    8261008 total
- age   8:    3992248 bytes,   12253256 total
: 107732K->14388K(109248K), 0.0080182 secs] 114254K->20911K(502464K), 0.0080775 secs] [Times: user=0.02 sys=0.00, real=0.01 secs] 
Heap after GC invocations=9 (full 1):
 par new generation   total 109248K, used 14388K [0x00000007a0000000, 0x00000007a8000000, 0x00000007a8000000)
  eden space 87424K,   0% used [0x00000007a0000000, 0x00000007a0000000, 0x00000007a5560000)
  from space 21824K,  65% used [0x00000007a6ab0000, 0x00000007a78bd190, 0x00000007a8000000)
  to   space 21824K,   0% used [0x00000007a5560000, 0x00000007a5560000, 0x00000007a6ab0000)
 concurrent mark-sweep generation total 393216K, used 6522K [0x00000007a8000000, 0x00000007c0000000, 0x00000007c0000000)
 Metaspace       used 32752K, capacity 33278K, committed 33836K, reserved 1079296K
  class space    used 3682K, capacity 3838K, committed 3912K, reserved 1048576K
}
2016-11-27T08:24:09.945-0100: 229.793: Total time for which application threads were stopped: 0.0082536 seconds, Stopping threads took: 0.0000207 seconds
2016-11-27T08:24:10.951-0100: 230.798: Total time for which application threads were stopped: 0.0002842 seconds, Stopping threads took: 0.0000562 seconds
2016-11-27T08:24:11.956-0100: 231.803: Total time for which application threads were stopped: 0.0002551 seconds, Stopping threads took: 0.0000572 seconds
2016-11-27T08:24:12.960-0100: 232.807: Total time for which application threads were stopped: 0.0002642 seconds, Stopping threads took: 0.0000625 seconds
2016-11-27T08:24:18.984-0100: 238.832: Total time for which application threads were stopped: 0.0001602 seconds, Stopping threads took: 0.0000366 seconds
2016-11-27T08:24:19.990-0100: 239.837: Total time for which application threads were stopped: 0.0002828 seconds, Stopping threads took: 0.0000780 seconds
2016-11-27T08:24:25.011-0100: 244.858: Total time for which application threads were stopped: 0.0001574 seconds, Stopping threads took: 0.0000461 seconds
2016-11-27T08:24:28.500-0100: 248.348: Total time for which application threads were stopped: 0.0001079 seconds, Stopping threads took: 0.0000228 seconds
2016-11-27T08:24:39.255-0100: 259.103: Total time for which application threads were stopped: 0.0001372 seconds, Stopping threads took: 0.0000237 seconds
2016-11-27T08:24:39.255-0100: 259.103: Total time for which application threads were stopped: 0.0000940 seconds, Stopping threads took: 0.0000094 seconds
2016-11-27T08:24:39.271-0100: 259.119: Total time for which application threads were stopped: 0.0000972 seconds, Stopping threads took: 0.0000168 seconds
2016-11-27T08:24:39.271-0100: 259.120: Total time for which application threads were stopped: 0.0000755 seconds, Stopping threads took: 0.0000129 seconds
2016-11-27T08:24:39.272-0100: 259.120: Total time for which application threads were stopped: 0.0000946 seconds, Stopping threads took: 0.0000120 seconds
2016-11-27T08:24:39.272-0100: 259.121: Total time for which application threads were stopped: 0.0000735 seconds, Stopping threads took: 0.0000105 seconds
2016-11-27T08:24:40.274-0100: 260.122: Total time for which application threads were stopped: 0.0000965 seconds, Stopping threads took: 0.0000224 seconds
2016-11-27T08:24:41.277-0100: 261.126: Total time for which application threads were stopped: 0.0002836 seconds, Stopping threads took: 0.0000627 seconds
{Heap before GC invocations=9 (full 1):
 par new generation   total 109248K, used 101812K [0x00000007a0000000, 0x00000007a8000000, 0x00000007a8000000)
  eden space 87424K, 100% used [0x00000007a0000000, 0x00000007a5560000, 0x00000007a5560000)
  from space 21824K,  65% used [0x00000007a6ab0000, 0x00000007a78bd190, 0x00000007a8000000)
  to   space 21824K,   0% used [0x00000007a5560000, 0x00000007a5560000, 0x00000007a6ab0000)
 concurrent mark-sweep generation total 393216K, used 6522K [0x00000007a8000000, 0x00000007c0000000, 0x00000007c0000000)
 Metaspace       used 32836K, capacity 33278K, committed 33836K, reserved 1079296K
  class space    used 3682K, capacity 3838K, committed 3912K, reserved 1048576K
2016-11-27T08:24:41.647-0100: 261.495: [GC (Allocation Failure) 261.496: [ParNew
Desired survivor size 20112992 bytes, new threshold 8 (max 8)
- age   1:     591240 bytes,     591240 total
- age   2:    1594080 bytes,    2185320 total
- age   3:     911208 bytes,    3096528 total
- age   4:     537920 bytes,    3634448 total
- age   5:     509232 bytes,    4143680 total
- age   6:    3757736 bytes,    7901416 total
- age   7:     732704 bytes,    8634120 total
- age   8:        320 bytes,    8634440 total
: 101812K->13262K(109248K), 0.0108530 secs] 108335K->23702K(502464K), 0.0113075 secs] [Times: user=0.02 sys=0.01, real=0.01 secs] 
Heap after GC invocations=10 (full 1):
 par new generation   total 109248K, used 13262K [0x00000007a0000000, 0x00000007a8000000, 0x00000007a8000000)
  eden space 87424K,   0% used [0x00000007a0000000, 0x00000007a0000000, 0x00000007a5560000)
  from space 21824K,  60% used [0x00000007a5560000, 0x00000007a6253988, 0x00000007a6ab0000)
  to   space 21824K,   0% used [0x00000007a6ab0000, 0x00000007a6ab0000, 0x00000007a8000000)
 concurrent mark-sweep generation total 393216K, used 10440K [0x00000007a8000000, 0x00000007c0000000, 0x00000007c0000000)
 Metaspace       used 32836K, capacity 33278K, committed 33836K, reserved 1079296K
  class space    used 3682K, capacity 3838K, committed 3912K, reserved 1048576K
}
2016-11-27T08:24:41.659-0100: 261.507: Total time for which application threads were stopped: 0.0114802 seconds, Stopping threads took: 0.0000209 seconds
2016-11-27T08:24:42.889-0100: 262.737: Total time for which application threads were stopped: 0.0001513 seconds, Stopping threads took: 0.0000698 seconds
2016-11-27T08:24:42.889-0100: 262.737: Total time for which application threads were stopped: 0.0000674 seconds, Stopping threads took: 0.0000259 seconds
2016-11-27T08:24:42.889-0100: 262.737: Total time for which application threads were stopped: 0.0000739 seconds, Stopping threads took: 0.0000307 seconds
2016-11-27T08:24:42.890-0100: 262.739: Total time for which application threads were stopped: 0.0000666 seconds, Stopping threads took: 0.0000189 seconds
2016-11-27T08:24:42.891-0100: 262.739: Total time for which application threads were stopped: 0.0000451 seconds, Stopping threads took: 0.0000070 seconds
2016-11-27T08:24:42.891-0100: 262.739: Total time for which application threads were stopped: 0.0000640 seconds, Stopping threads took: 0.0000240 seconds
2016-11-27T08:24:42.897-0100: 262.745: Total time for which application threads were stopped: 0.0001130 seconds, Stopping threads took: 0.0000207 seconds
2016-11-27T08:24:43.901-0100: 263.749: Total time for which application threads were stopped: 0.0002798 seconds, Stopping threads took: 0.0001108 seconds
2016-11-27T08:24:45.906-0100: 265.754: Total time for which application threads were stopped: 0.0001718 seconds, Stopping threads took: 0.0000363 seconds
2016-11-27T08:24:47.921-0100: 267.769: Total time for which application threads were stopped: 0.0001059 seconds, Stopping threads took: 0.0000204 seconds
2016-11-27T08:24:47.921-0100: 267.769: Total time for which application threads were stopped: 0.0000559 seconds, Stopping threads took: 0.0000104 seconds
2016-11-27T08:24:47.921-0100: 267.769: Total time for which application threads were stopped: 0.0000673 seconds, Stopping threads took: 0.0000189 seconds
2016-11-27T08:24:47.921-0100: 267.769: Total time for which application threads were stopped: 0.0000570 seconds, Stopping threads took: 0.0000161 seconds
{Heap before GC invocations=10 (full 1):
 par new generation   total 109248K, used 100686K [0x00000007a0000000, 0x00000007a8000000, 0x00000007a8000000)
  eden space 87424K, 100% used [0x00000007a0000000, 0x00000007a5560000, 0x00000007a5560000)
  from space 21824K,  60% used [0x00000007a5560000, 0x00000007a6253988, 0x00000007a6ab0000)
  to   space 21824K,   0% used [0x00000007a6ab0000, 0x00000007a6ab0000, 0x00000007a8000000)
 concurrent mark-sweep generation total 393216K, used 10440K [0x00000007a8000000, 0x00000007c0000000, 0x00000007c0000000)
 Metaspace       used 32885K, capacity 33342K, committed 33836K, reserved 1079296K
  class space    used 3682K, capacity 3838K, committed 3912K, reserved 1048576K
2016-11-27T08:24:49.167-0100: 269.016: [GC (Allocation Failure) 269.016: [ParNew
Desired survivor size 20112992 bytes, new threshold 8 (max 8)
- age   1:     436304 bytes,     436304 total
- age   2:     493488 bytes,     929792 total
- age   3:    1593512 bytes,    2523304 total
- age   4:     910944 bytes,    3434248 total
- age   5:     537840 bytes,    3972088 total
- age   6:     509232 bytes,    4481320 total
- age   7:    3757696 bytes,    8239016 total
- age   8:     732680 bytes,    8971696 total
: 100686K->10778K(109248K), 0.0071532 secs] 111126K->21219K(502464K), 0.0072272 secs] [Times: user=0.02 sys=0.00, real=0.01 secs] 
Heap after GC invocations=11 (full 1):
 par new generation   total 109248K, used 10778K [0x00000007a0000000, 0x00000007a8000000, 0x00000007a8000000)
  eden space 87424K,   0% used [0x00000007a0000000, 0x00000007a0000000, 0x00000007a5560000)
  from space 21824K,  49% used [0x00000007a6ab0000, 0x00000007a7536be8, 0x00000007a8000000)
  to   space 21824K,   0% used [0x00000007a5560000, 0x00000007a5560000, 0x00000007a6ab0000)
 concurrent mark-sweep generation total 393216K, used 10440K [0x00000007a8000000, 0x00000007c0000000, 0x00000007c0000000)
 Metaspace       used 32885K, capacity 33342K, committed 33836K, reserved 1079296K
  class space    used 3682K, capacity 3838K, committed 3912K, reserved 1048576K
}
2016-11-27T08:24:49.174-0100: 269.023: Total time for which application threads were stopped: 0.0074579 seconds, Stopping threads took: 0.0000281 seconds
2016-11-27T08:24:51.180-0100: 271.028: Total time for which application threads were stopped: 0.0001584 seconds, Stopping threads took: 0.0000340 seconds
2016-11-27T08:24:52.182-0100: 272.030: Total time for which application threads were stopped: 0.0001173 seconds, Stopping threads took: 0.0000234 seconds
2016-11-27T08:24:54.187-0100: 274.036: Total time for which application threads were stopped: 0.0001925 seconds, Stopping threads took: 0.0000396 seconds
2016-11-27T08:25:01.208-0100: 281.057: Total time for which application threads were stopped: 0.0001624 seconds, Stopping threads took: 0.0000341 seconds
2016-11-27T08:25:02.214-0100: 282.062: Total time for which application threads were stopped: 0.0002941 seconds, Stopping threads took: 0.0000835 seconds
{Heap before GC invocations=11 (full 1):
 par new generation   total 109248K, used 98202K [0x00000007a0000000, 0x00000007a8000000, 0x00000007a8000000)
  eden space 87424K, 100% used [0x00000007a0000000, 0x00000007a5560000, 0x00000007a5560000)
  from space 21824K,  49% used [0x00000007a6ab0000, 0x00000007a7536be8, 0x00000007a8000000)
  to   space 21824K,   0% used [0x00000007a5560000, 0x00000007a5560000, 0x00000007a6ab0000)
 concurrent mark-sweep generation total 393216K, used 10440K [0x00000007a8000000, 0x00000007c0000000, 0x00000007c0000000)
 Metaspace       used 33021K, capacity 33534K, committed 34092K, reserved 1079296K
  class space    used 3683K, capacity 3838K, committed 3912K, reserved 1048576K
2016-11-27T08:25:02.573-0100: 282.422: [GC (Allocation Failure) 282.422: [ParNew
Desired survivor size 20112992 bytes, new threshold 8 (max 8)
- age   1:     432808 bytes,     432808 total
- age   2:     349384 bytes,     782192 total
- age   3:     492408 bytes,    1274600 total
- age   4:    1593416 bytes,    2868016 total
- age   5:     910944 bytes,    3778960 total
- age   6:     537840 bytes,    4316800 total
- age   7:     509232 bytes,    4826032 total
- age   8:    3757656 bytes,    8583688 total
: 98202K->10623K(109248K), 0.0076331 secs] 108643K->21795K(502464K), 0.0077146 secs] [Times: user=0.03 sys=0.00, real=0.01 secs] 
Heap after GC invocations=12 (full 1):
 par new generation   total 109248K, used 10623K [0x00000007a0000000, 0x00000007a8000000, 0x00000007a8000000)
  eden space 87424K,   0% used [0x00000007a0000000, 0x00000007a0000000, 0x00000007a5560000)
  from space 21824K,  48% used [0x00000007a5560000, 0x00000007a5fbfff0, 0x00000007a6ab0000)
  to   space 21824K,   0% used [0x00000007a6ab0000, 0x00000007a6ab0000, 0x00000007a8000000)
 concurrent mark-sweep generation total 393216K, used 11171K [0x00000007a8000000, 0x00000007c0000000, 0x00000007c0000000)
 Metaspace       used 33021K, capacity 33534K, committed 34092K, reserved 1079296K
  class space    used 3683K, capacity 3838K, committed 3912K, reserved 1048576K
}
2016-11-27T08:25:02.581-0100: 282.430: Total time for which application threads were stopped: 0.0079069 seconds, Stopping threads took: 0.0000218 seconds
2016-11-27T08:25:02.583-0100: 282.431: Total time for which application threads were stopped: 0.0001184 seconds, Stopping threads took: 0.0000211 seconds
2016-11-27T08:25:02.583-0100: 282.431: Total time for which application threads were stopped: 0.0000697 seconds, Stopping threads took: 0.0000071 seconds
2016-11-27T08:25:02.583-0100: 282.432: Total time for which application threads were stopped: 0.0000689 seconds, Stopping threads took: 0.0000175 seconds
2016-11-27T08:25:02.583-0100: 282.432: Total time for which application threads were stopped: 0.0000683 seconds, Stopping threads took: 0.0000070 seconds
2016-11-27T08:25:03.588-0100: 283.436: Total time for which application threads were stopped: 0.0002675 seconds, Stopping threads took: 0.0000570 seconds
2016-11-27T08:25:04.591-0100: 284.440: Total time for which application threads were stopped: 0.0002589 seconds, Stopping threads took: 0.0000429 seconds
2016-11-27T08:25:09.608-0100: 289.457: Total time for which application threads were stopped: 0.0002597 seconds, Stopping threads took: 0.0000589 seconds
2016-11-27T08:25:10.613-0100: 290.462: Total time for which application threads were stopped: 0.0002028 seconds, Stopping threads took: 0.0000346 seconds
2016-11-27T08:25:11.617-0100: 291.466: Total time for which application threads were stopped: 0.0002655 seconds, Stopping threads took: 0.0000594 seconds
2016-11-27T08:25:13.624-0100: 293.473: Total time for which application threads were stopped: 0.0001562 seconds, Stopping threads took: 0.0000370 seconds
{Heap before GC invocations=12 (full 1):
 par new generation   total 109248K, used 98047K [0x00000007a0000000, 0x00000007a8000000, 0x00000007a8000000)
  eden space 87424K, 100% used [0x00000007a0000000, 0x00000007a5560000, 0x00000007a5560000)
  from space 21824K,  48% used [0x00000007a5560000, 0x00000007a5fbfff0, 0x00000007a6ab0000)
  to   space 21824K,   0% used [0x00000007a6ab0000, 0x00000007a6ab0000, 0x00000007a8000000)
 concurrent mark-sweep generation total 393216K, used 11171K [0x00000007a8000000, 0x00000007c0000000, 0x00000007c0000000)
 Metaspace       used 33136K, capacity 33598K, committed 34092K, reserved 1079296K
  class space    used 3683K, capacity 3838K, committed 3912K, reserved 1048576K
2016-11-27T08:25:14.439-0100: 294.288: [GC (Allocation Failure) 294.288: [ParNew
Desired survivor size 20112992 bytes, new threshold 8 (max 8)
- age   1:     858560 bytes,     858560 total
- age   2:     370024 bytes,    1228584 total
- age   3:     326248 bytes,    1554832 total
- age   4:     492408 bytes,    2047240 total
- age   5:    1593320 bytes,    3640560 total
- age   6:     910944 bytes,    4551504 total
- age   7:     537840 bytes,    5089344 total
- age   8:     509232 bytes,    5598576 total
: 98047K->7405K(109248K), 0.0092346 secs] 109219K->22258K(502464K), 0.0093363 secs] [Times: user=0.02 sys=0.00, real=0.01 secs] 
Heap after GC invocations=13 (full 1):
 par new generation   total 109248K, used 7405K [0x00000007a0000000, 0x00000007a8000000, 0x00000007a8000000)
  eden space 87424K,   0% used [0x00000007a0000000, 0x00000007a0000000, 0x00000007a5560000)
  from space 21824K,  33% used [0x00000007a6ab0000, 0x00000007a71eb778, 0x00000007a8000000)
  to   space 21824K,   0% used [0x00000007a5560000, 0x00000007a5560000, 0x00000007a6ab0000)
 concurrent mark-sweep generation total 393216K, used 14852K [0x00000007a8000000, 0x00000007c0000000, 0x00000007c0000000)
 Metaspace       used 33136K, capacity 33598K, committed 34092K, reserved 1079296K
  class space    used 3683K, capacity 3838K, committed 3912K, reserved 1048576K
}
2016-11-27T08:25:14.449-0100: 294.298: Total time for which application threads were stopped: 0.0095480 seconds, Stopping threads took: 0.0000245 seconds
2016-11-27T08:25:15.453-0100: 295.303: Total time for which application threads were stopped: 0.0001273 seconds, Stopping threads took: 0.0000289 seconds
2016-11-27T08:25:16.458-0100: 296.308: Total time for which application threads were stopped: 0.0001243 seconds, Stopping threads took: 0.0000278 seconds
2016-11-27T08:25:17.460-0100: 297.309: Total time for which application threads were stopped: 0.0003258 seconds, Stopping threads took: 0.0000858 seconds
2016-11-27T08:25:18.465-0100: 298.314: Total time for which application threads were stopped: 0.0002476 seconds, Stopping threads took: 0.0000603 seconds
2016-11-27T08:25:19.469-0100: 299.318: Total time for which application threads were stopped: 0.0002636 seconds, Stopping threads took: 0.0000602 seconds
2016-11-27T08:25:38.516-0100: 318.366: Total time for which application threads were stopped: 0.0002652 seconds, Stopping threads took: 0.0000564 seconds
{Heap before GC invocations=13 (full 1):
 par new generation   total 109248K, used 94829K [0x00000007a0000000, 0x00000007a8000000, 0x00000007a8000000)
  eden space 87424K, 100% used [0x00000007a0000000, 0x00000007a5560000, 0x00000007a5560000)
  from space 21824K,  33% used [0x00000007a6ab0000, 0x00000007a71eb778, 0x00000007a8000000)
  to   space 21824K,   0% used [0x00000007a5560000, 0x00000007a5560000, 0x00000007a6ab0000)
 concurrent mark-sweep generation total 393216K, used 14852K [0x00000007a8000000, 0x00000007c0000000, 0x00000007c0000000)
 Metaspace       used 33202K, capacity 33726K, committed 34092K, reserved 1079296K
  class space    used 3683K, capacity 3838K, committed 3912K, reserved 1048576K
2016-11-27T08:25:38.542-0100: 318.392: [GC (Allocation Failure) 318.393: [ParNew
Desired survivor size 20112992 bytes, new threshold 8 (max 8)
- age   1:     875320 bytes,     875320 total
- age   2:     806416 bytes,    1681736 total
- age   3:     369592 bytes,    2051328 total
- age   4:     326248 bytes,    2377576 total
- age   5:     492376 bytes,    2869952 total
- age   6:    1593320 bytes,    4463272 total
- age   7:     910944 bytes,    5374216 total
- age   8:     537840 bytes,    5912056 total
: 94829K->7394K(109248K), 0.0084609 secs] 109682K->22750K(502464K), 0.0093903 secs] [Times: user=0.03 sys=0.00, real=0.01 secs] 
Heap after GC invocations=14 (full 1):
 par new generation   total 109248K, used 7394K [0x00000007a0000000, 0x00000007a8000000, 0x00000007a8000000)
  eden space 87424K,   0% used [0x00000007a0000000, 0x00000007a0000000, 0x00000007a5560000)
  from space 21824K,  33% used [0x00000007a5560000, 0x00000007a5c98868, 0x00000007a6ab0000)
  to   space 21824K,   0% used [0x00000007a6ab0000, 0x00000007a6ab0000, 0x00000007a8000000)
 concurrent mark-sweep generation total 393216K, used 15356K [0x00000007a8000000, 0x00000007c0000000, 0x00000007c0000000)
 Metaspace       used 33202K, capacity 33726K, committed 34092K, reserved 1079296K
  class space    used 3683K, capacity 3838K, committed 3912K, reserved 1048576K
}
2016-11-27T08:25:38.552-0100: 318.402: Total time for which application threads were stopped: 0.0095905 seconds, Stopping threads took: 0.0000231 seconds
2016-11-27T08:25:40.555-0100: 320.405: Total time for which application threads were stopped: 0.0001523 seconds, Stopping threads took: 0.0000332 seconds
2016-11-27T08:25:46.670-0100: 326.520: Total time for which application threads were stopped: 0.0002102 seconds, Stopping threads took: 0.0001141 seconds
2016-11-27T08:25:46.670-0100: 326.520: Total time for which application threads were stopped: 0.0001402 seconds, Stopping threads took: 0.0000835 seconds
2016-11-27T08:25:46.670-0100: 326.520: Total time for which application threads were stopped: 0.0000601 seconds, Stopping threads took: 0.0000121 seconds
2016-11-27T08:25:46.670-0100: 326.520: Total time for which application threads were stopped: 0.0000980 seconds, Stopping threads took: 0.0000385 seconds
2016-11-27T08:25:46.670-0100: 326.521: Total time for which application threads were stopped: 0.0001346 seconds, Stopping threads took: 0.0000635 seconds
2016-11-27T08:25:46.671-0100: 326.521: Total time for which application threads were stopped: 0.0001305 seconds, Stopping threads took: 0.0000605 seconds
2016-11-27T08:25:46.671-0100: 326.521: Total time for which application threads were stopped: 0.0001827 seconds, Stopping threads took: 0.0001019 seconds
2016-11-27T08:25:46.671-0100: 326.521: Total time for which application threads were stopped: 0.0001086 seconds, Stopping threads took: 0.0000396 seconds
2016-11-27T08:25:46.671-0100: 326.521: Total time for which application threads were stopped: 0.0001142 seconds, Stopping threads took: 0.0000412 seconds
2016-11-27T08:25:46.671-0100: 326.521: Total time for which application threads were stopped: 0.0001052 seconds, Stopping threads took: 0.0000314 seconds
2016-11-27T08:25:46.672-0100: 326.522: Total time for which application threads were stopped: 0.0001463 seconds, Stopping threads took: 0.0000593 seconds
2016-11-27T08:25:46.672-0100: 326.522: Total time for which application threads were stopped: 0.0001095 seconds, Stopping threads took: 0.0000275 seconds
{Heap before GC invocations=14 (full 1):
 par new generation   total 109248K, used 94755K [0x00000007a0000000, 0x00000007a8000000, 0x00000007a8000000)
  eden space 87424K,  99% used [0x00000007a0000000, 0x00000007a55503f8, 0x00000007a5560000)
  from space 21824K,  33% used [0x00000007a5560000, 0x00000007a5c98868, 0x00000007a6ab0000)
  to   space 21824K,   0% used [0x00000007a6ab0000, 0x00000007a6ab0000, 0x00000007a8000000)
 concurrent mark-sweep generation total 393216K, used 15356K [0x00000007a8000000, 0x00000007c0000000, 0x00000007c0000000)
 Metaspace       used 33238K, capacity 33726K, committed 34092K, reserved 1079296K
  class space    used 3683K, capacity 3838K, committed 3912K, reserved 1048576K
2016-11-27T08:25:46.754-0100: 326.605: [GC (Allocation Failure) 326.605: [ParNew
Desired survivor size 20112992 bytes, new threshold 8 (max 8)
- age   1:     719680 bytes,     719680 total
- age   2:     809056 bytes,    1528736 total
- age   3:     778840 bytes,    2307576 total
- age   4:     369512 bytes,    2677088 total
- age   5:     326200 bytes,    3003288 total
- age   6:     492344 bytes,    3495632 total
- age   7:    1593456 bytes,    5089088 total
- age   8:     910944 bytes,    6000032 total
: 94755K->7593K(109248K), 0.0101882 secs] 110111K->23476K(502464K), 0.0102631 secs] [Times: user=0.04 sys=0.00, real=0.01 secs] 
Heap after GC invocations=15 (full 1):
 par new generation   total 109248K, used 7593K [0x00000007a0000000, 0x00000007a8000000, 0x00000007a8000000)
  eden space 87424K,   0% used [0x00000007a0000000, 0x00000007a0000000, 0x00000007a5560000)
  from space 21824K,  34% used [0x00000007a6ab0000, 0x00000007a721a5e0, 0x00000007a8000000)
  to   space 21824K,   0% used [0x00000007a5560000, 0x00000007a5560000, 0x00000007a6ab0000)
 concurrent mark-sweep generation total 393216K, used 15882K [0x00000007a8000000, 0x00000007c0000000, 0x00000007c0000000)
 Metaspace       used 33238K, capacity 33726K, committed 34092K, reserved 1079296K
  class space    used 3683K, capacity 3838K, committed 3912K, reserved 1048576K
}
2016-11-27T08:25:46.765-0100: 326.615: Total time for which application threads were stopped: 0.0106461 seconds, Stopping threads took: 0.0000943 seconds
2016-11-27T08:25:56.693-0100: 336.543: Total time for which application threads were stopped: 0.0002452 seconds, Stopping threads took: 0.0001008 seconds
2016-11-27T08:25:56.693-0100: 336.544: Total time for which application threads were stopped: 0.0002094 seconds, Stopping threads took: 0.0000631 seconds
2016-11-27T08:26:10.729-0100: 350.580: Total time for which application threads were stopped: 0.0002822 seconds, Stopping threads took: 0.0000743 seconds
2016-11-27T08:26:11.733-0100: 351.584: Total time for which application threads were stopped: 0.0002557 seconds, Stopping threads took: 0.0000592 seconds
{Heap before GC invocations=15 (full 1):
 par new generation   total 109248K, used 95017K [0x00000007a0000000, 0x00000007a8000000, 0x00000007a8000000)
  eden space 87424K, 100% used [0x00000007a0000000, 0x00000007a5560000, 0x00000007a5560000)
  from space 21824K,  34% used [0x00000007a6ab0000, 0x00000007a721a5e0, 0x00000007a8000000)
  to   space 21824K,   0% used [0x00000007a5560000, 0x00000007a5560000, 0x00000007a6ab0000)
 concurrent mark-sweep generation total 393216K, used 15882K [0x00000007a8000000, 0x00000007c0000000, 0x00000007c0000000)
 Metaspace       used 33290K, capacity 33790K, committed 34348K, reserved 1079296K
  class space    used 3683K, capacity 3838K, committed 3912K, reserved 1048576K
2016-11-27T08:26:13.455-0100: 353.306: [GC (Allocation Failure) 353.306: [ParNew
Desired survivor size 20112992 bytes, new threshold 8 (max 8)
- age   1:     601096 bytes,     601096 total
- age   2:     564032 bytes,    1165128 total
- age   3:     808192 bytes,    1973320 total
- age   4:     778808 bytes,    2752128 total
- age   5:     369480 bytes,    3121608 total
- age   6:     326200 bytes,    3447808 total
- age   7:     492344 bytes,    3940152 total
- age   8:    1593336 bytes,    5533488 total
: 95017K->7433K(109248K), 0.0093606 secs] 110900K->24210K(502464K), 0.0094392 secs] [Times: user=0.03 sys=0.00, real=0.01 secs] 
Heap after GC invocations=16 (full 1):
 par new generation   total 109248K, used 7433K [0x00000007a0000000, 0x00000007a8000000, 0x00000007a8000000)
  eden space 87424K,   0% used [0x00000007a0000000, 0x00000007a0000000, 0x00000007a5560000)
  from space 21824K,  34% used [0x00000007a5560000, 0x00000007a5ca26a0, 0x00000007a6ab0000)
  to   space 21824K,   0% used [0x00000007a6ab0000, 0x00000007a6ab0000, 0x00000007a8000000)
 concurrent mark-sweep generation total 393216K, used 16776K [0x00000007a8000000, 0x00000007c0000000, 0x00000007c0000000)
 Metaspace       used 33290K, capacity 33790K, committed 34348K, reserved 1079296K
  class space    used 3683K, capacity 3838K, committed 3912K, reserved 1048576K
}
2016-11-27T08:26:13.464-0100: 353.315: Total time for which application threads were stopped: 0.0097936 seconds, Stopping threads took: 0.0001333 seconds
2016-11-27T08:26:13.488-0100: 353.339: Total time for which application threads were stopped: 0.0005633 seconds, Stopping threads took: 0.0004359 seconds
2016-11-27T08:26:13.488-0100: 353.339: Total time for which application threads were stopped: 0.0001143 seconds, Stopping threads took: 0.0000260 seconds
2016-11-27T08:26:15.439-0100: 355.290: Total time for which application threads were stopped: 0.0001526 seconds, Stopping threads took: 0.0000306 seconds
2016-11-27T08:26:15.439-0100: 355.290: Total time for which application threads were stopped: 0.0000925 seconds, Stopping threads took: 0.0000122 seconds
2016-11-27T08:26:15.439-0100: 355.290: Total time for which application threads were stopped: 0.0000724 seconds, Stopping threads took: 0.0000089 seconds
2016-11-27T08:26:15.440-0100: 355.291: Total time for which application threads were stopped: 0.0000924 seconds, Stopping threads took: 0.0000142 seconds
2016-11-27T08:26:16.445-0100: 356.296: Total time for which application threads were stopped: 0.0002917 seconds, Stopping threads took: 0.0001183 seconds
2016-11-27T08:26:23.468-0100: 363.320: Total time for which application threads were stopped: 0.0001650 seconds, Stopping threads took: 0.0000396 seconds
2016-11-27T08:26:46.634-0100: 386.486: Total time for which application threads were stopped: 0.0001465 seconds, Stopping threads took: 0.0000520 seconds
2016-11-27T08:26:46.634-0100: 386.486: Total time for which application threads were stopped: 0.0002426 seconds, Stopping threads took: 0.0000187 seconds
2016-11-27T08:26:47.637-0100: 387.489: Total time for which application threads were stopped: 0.0001640 seconds, Stopping threads took: 0.0000324 seconds
2016-11-27T08:26:48.638-0100: 388.490: Total time for which application threads were stopped: 0.0001294 seconds, Stopping threads took: 0.0000279 seconds
2016-11-27T08:26:50.793-0100: 390.645: Total time for which application threads were stopped: 0.0001734 seconds, Stopping threads took: 0.0000415 seconds
2016-11-27T08:26:50.793-0100: 390.645: Total time for which application threads were stopped: 0.0001527 seconds, Stopping threads took: 0.0000647 seconds
2016-11-27T08:26:50.794-0100: 390.646: Total time for which application threads were stopped: 0.0000936 seconds, Stopping threads took: 0.0000236 seconds
2016-11-27T08:26:50.794-0100: 390.646: Total time for which application threads were stopped: 0.0000563 seconds, Stopping threads took: 0.0000090 seconds
2016-11-27T08:26:50.794-0100: 390.646: Total time for which application threads were stopped: 0.0000882 seconds, Stopping threads took: 0.0000248 seconds
2016-11-27T08:26:50.795-0100: 390.647: Total time for which application threads were stopped: 0.0001821 seconds, Stopping threads took: 0.0000255 seconds
2016-11-27T08:26:50.795-0100: 390.647: Total time for which application threads were stopped: 0.0001025 seconds, Stopping threads took: 0.0000280 seconds
2016-11-27T08:26:50.795-0100: 390.647: Total time for which application threads were stopped: 0.0002999 seconds, Stopping threads took: 0.0000372 seconds
2016-11-27T08:26:50.795-0100: 390.647: Total time for which application threads were stopped: 0.0000991 seconds, Stopping threads took: 0.0000272 seconds
2016-11-27T08:26:50.796-0100: 390.648: Total time for which application threads were stopped: 0.0001796 seconds, Stopping threads took: 0.0001109 seconds
2016-11-27T08:26:50.796-0100: 390.648: Total time for which application threads were stopped: 0.0000740 seconds, Stopping threads took: 0.0000277 seconds
2016-11-27T08:26:50.796-0100: 390.648: Total time for which application threads were stopped: 0.0001296 seconds, Stopping threads took: 0.0000343 seconds
2016-11-27T08:26:50.797-0100: 390.649: Total time for which application threads were stopped: 0.0001705 seconds, Stopping threads took: 0.0000835 seconds
2016-11-27T08:26:50.797-0100: 390.649: Total time for which application threads were stopped: 0.0000988 seconds, Stopping threads took: 0.0000258 seconds
2016-11-27T08:26:50.797-0100: 390.649: Total time for which application threads were stopped: 0.0001163 seconds, Stopping threads took: 0.0000369 seconds
2016-11-27T08:26:50.798-0100: 390.650: Total time for which application threads were stopped: 0.0002764 seconds, Stopping threads took: 0.0000972 seconds
2016-11-27T08:26:50.869-0100: 390.721: Total time for which application threads were stopped: 0.0001623 seconds, Stopping threads took: 0.0000317 seconds
2016-11-27T08:26:50.870-0100: 390.722: Total time for which application threads were stopped: 0.0000830 seconds, Stopping threads took: 0.0000122 seconds
2016-11-27T08:26:50.870-0100: 390.722: Total time for which application threads were stopped: 0.0000762 seconds, Stopping threads took: 0.0000093 seconds
2016-11-27T08:26:50.870-0100: 390.722: Total time for which application threads were stopped: 0.0000734 seconds, Stopping threads took: 0.0000094 seconds
2016-11-27T08:26:50.870-0100: 390.722: Total time for which application threads were stopped: 0.0000546 seconds, Stopping threads took: 0.0000044 seconds
2016-11-27T08:26:50.908-0100: 390.760: Total time for which application threads were stopped: 0.0001943 seconds, Stopping threads took: 0.0000692 seconds
2016-11-27T08:26:50.909-0100: 390.761: Total time for which application threads were stopped: 0.0001063 seconds, Stopping threads took: 0.0000341 seconds
2016-11-27T08:26:50.909-0100: 390.761: Total time for which application threads were stopped: 0.0001167 seconds, Stopping threads took: 0.0000341 seconds
2016-11-27T08:26:50.909-0100: 390.761: Total time for which application threads were stopped: 0.0000939 seconds, Stopping threads took: 0.0000189 seconds
2016-11-27T08:26:50.909-0100: 390.761: Total time for which application threads were stopped: 0.0000973 seconds, Stopping threads took: 0.0000220 seconds
2016-11-27T08:26:51.910-0100: 391.762: Total time for which application threads were stopped: 0.0002831 seconds, Stopping threads took: 0.0000677 seconds
2016-11-27T08:26:54.329-0100: 394.182: Total time for which application threads were stopped: 0.0001560 seconds, Stopping threads took: 0.0000228 seconds
2016-11-27T08:26:55.332-0100: 395.185: Total time for which application threads were stopped: 0.0001974 seconds, Stopping threads took: 0.0000363 seconds
2016-11-27T08:26:59.343-0100: 399.195: Total time for which application threads were stopped: 0.0001707 seconds, Stopping threads took: 0.0000339 seconds
2016-11-27T08:27:03.523-0100: 403.376: Total time for which application threads were stopped: 0.0001521 seconds, Stopping threads took: 0.0000320 seconds
2016-11-27T08:27:03.530-0100: 403.383: Total time for which application threads were stopped: 0.0001565 seconds, Stopping threads took: 0.0000328 seconds
2016-11-27T08:27:03.536-0100: 403.388: Total time for which application threads were stopped: 0.0001747 seconds, Stopping threads took: 0.0000502 seconds
2016-11-27T08:27:03.543-0100: 403.396: Total time for which application threads were stopped: 0.0001487 seconds, Stopping threads took: 0.0000324 seconds
2016-11-27T08:27:06.548-0100: 406.401: Total time for which application threads were stopped: 0.0001684 seconds, Stopping threads took: 0.0000322 seconds
2016-11-27T08:27:19.106-0100: 418.959: Total time for which application threads were stopped: 0.0001542 seconds, Stopping threads took: 0.0000609 seconds
2016-11-27T08:27:19.106-0100: 418.959: Total time for which application threads were stopped: 0.0000626 seconds, Stopping threads took: 0.0000115 seconds
2016-11-27T08:27:19.106-0100: 418.959: Total time for which application threads were stopped: 0.0001566 seconds, Stopping threads took: 0.0000084 seconds
2016-11-27T08:27:19.106-0100: 418.959: Total time for which application threads were stopped: 0.0000668 seconds, Stopping threads took: 0.0000102 seconds
2016-11-27T08:27:19.106-0100: 418.959: Total time for which application threads were stopped: 0.0001297 seconds, Stopping threads took: 0.0000765 seconds
{Heap before GC invocations=16 (full 1):
 par new generation   total 109248K, used 94857K [0x00000007a0000000, 0x00000007a8000000, 0x00000007a8000000)
  eden space 87424K, 100% used [0x00000007a0000000, 0x00000007a5560000, 0x00000007a5560000)
  from space 21824K,  34% used [0x00000007a5560000, 0x00000007a5ca26a0, 0x00000007a6ab0000)
  to   space 21824K,   0% used [0x00000007a6ab0000, 0x00000007a6ab0000, 0x00000007a8000000)
 concurrent mark-sweep generation total 393216K, used 16776K [0x00000007a8000000, 0x00000007c0000000, 0x00000007c0000000)
 Metaspace       used 33385K, capacity 33918K, committed 34348K, reserved 1079296K
  class space    used 3684K, capacity 3838K, committed 3912K, reserved 1048576K
2016-11-27T08:27:19.883-0100: 419.736: [GC (Allocation Failure) 419.736: [ParNew
Desired survivor size 20112992 bytes, new threshold 8 (max 8)
- age   1:     563104 bytes,     563104 total
- age   2:     344408 bytes,     907512 total
- age   3:     554592 bytes,    1462104 total
- age   4:     808128 bytes,    2270232 total
- age   5:     778776 bytes,    3049008 total
- age   6:     369480 bytes,    3418488 total
- age   7:     323112 bytes,    3741600 total
- age   8:     489256 bytes,    4230856 total
: 94857K->5334K(109248K), 0.0070920 secs] 111634K->23673K(502464K), 0.0071519 secs] [Times: user=0.02 sys=0.00, real=0.01 secs] 
Heap after GC invocations=17 (full 1):
 par new generation   total 109248K, used 5334K [0x00000007a0000000, 0x00000007a8000000, 0x00000007a8000000)
  eden space 87424K,   0% used [0x00000007a0000000, 0x00000007a0000000, 0x00000007a5560000)
  from space 21824K,  24% used [0x00000007a6ab0000, 0x00000007a6fe59f8, 0x00000007a8000000)
  to   space 21824K,   0% used [0x00000007a5560000, 0x00000007a5560000, 0x00000007a6ab0000)
 concurrent mark-sweep generation total 393216K, used 18338K [0x00000007a8000000, 0x00000007c0000000, 0x00000007c0000000)
 Metaspace       used 33385K, capacity 33918K, committed 34348K, reserved 1079296K
  class space    used 3684K, capacity 3838K, committed 3912K, reserved 1048576K
}
2016-11-27T08:27:19.891-0100: 419.743: Total time for which application threads were stopped: 0.0073702 seconds, Stopping threads took: 0.0000247 seconds
2016-11-27T08:27:19.891-0100: 419.744: Total time for which application threads were stopped: 0.0001575 seconds, Stopping threads took: 0.0000686 seconds
2016-11-27T08:27:19.891-0100: 419.744: Total time for which application threads were stopped: 0.0001302 seconds, Stopping threads took: 0.0000547 seconds
2016-11-27T08:27:19.891-0100: 419.744: Total time for which application threads were stopped: 0.0000976 seconds, Stopping threads took: 0.0000395 seconds
2016-11-27T08:27:19.891-0100: 419.744: Total time for which application threads were stopped: 0.0001259 seconds, Stopping threads took: 0.0000495 seconds
2016-11-27T08:27:20.633-0100: 420.486: Total time for which application threads were stopped: 0.0001466 seconds, Stopping threads took: 0.0000355 seconds
2016-11-27T08:27:22.636-0100: 422.489: Total time for which application threads were stopped: 0.0002632 seconds, Stopping threads took: 0.0000581 seconds
2016-11-27T08:27:40.795-0100: 440.648: Total time for which application threads were stopped: 0.0002015 seconds, Stopping threads took: 0.0000370 seconds
2016-11-27T08:27:40.800-0100: 440.653: Total time for which application threads were stopped: 0.0007225 seconds, Stopping threads took: 0.0001061 seconds
{Heap before GC invocations=17 (full 1):
 par new generation   total 109248K, used 92758K [0x00000007a0000000, 0x00000007a8000000, 0x00000007a8000000)
  eden space 87424K, 100% used [0x00000007a0000000, 0x00000007a5560000, 0x00000007a5560000)
  from space 21824K,  24% used [0x00000007a6ab0000, 0x00000007a6fe59f8, 0x00000007a8000000)
  to   space 21824K,   0% used [0x00000007a5560000, 0x00000007a5560000, 0x00000007a6ab0000)
 concurrent mark-sweep generation total 393216K, used 18338K [0x00000007a8000000, 0x00000007c0000000, 0x00000007c0000000)
 Metaspace       used 33390K, capacity 33918K, committed 34348K, reserved 1079296K
  class space    used 3684K, capacity 3838K, committed 3912K, reserved 1048576K
2016-11-27T08:27:49.294-0100: 449.148: [GC (Allocation Failure) 449.148: [ParNew
Desired survivor size 20112992 bytes, new threshold 8 (max 8)
- age   1:     424216 bytes,     424216 total
- age   2:     507016 bytes,     931232 total
- age   3:     344408 bytes,    1275640 total
- age   4:     553224 bytes,    1828864 total
- age   5:     808128 bytes,    2636992 total
- age   6:     778776 bytes,    3415768 total
- age   7:     369480 bytes,    3785248 total
- age   8:     322568 bytes,    4107816 total
: 92758K->5461K(109248K), 0.0075189 secs] 111097K->24277K(502464K), 0.0075944 secs] [Times: user=0.03 sys=0.00, real=0.01 secs] 
Heap after GC invocations=18 (full 1):
 par new generation   total 109248K, used 5461K [0x00000007a0000000, 0x00000007a8000000, 0x00000007a8000000)
  eden space 87424K,   0% used [0x00000007a0000000, 0x00000007a0000000, 0x00000007a5560000)
  from space 21824K,  25% used [0x00000007a5560000, 0x00000007a5ab54e8, 0x00000007a6ab0000)
  to   space 21824K,   0% used [0x00000007a6ab0000, 0x00000007a6ab0000, 0x00000007a8000000)
 concurrent mark-sweep generation total 393216K, used 18816K [0x00000007a8000000, 0x00000007c0000000, 0x00000007c0000000)
 Metaspace       used 33390K, capacity 33918K, committed 34348K, reserved 1079296K
  class space    used 3684K, capacity 3838K, committed 3912K, reserved 1048576K
}
2016-11-27T08:27:49.302-0100: 449.155: Total time for which application threads were stopped: 0.0078419 seconds, Stopping threads took: 0.0000256 seconds
2016-11-27T08:27:49.302-0100: 449.156: Total time for which application threads were stopped: 0.0002028 seconds, Stopping threads took: 0.0001016 seconds
2016-11-27T08:27:50.304-0100: 450.158: Total time for which application threads were stopped: 0.0002480 seconds, Stopping threads took: 0.0000357 seconds
2016-11-27T08:27:50.909-0100: 450.763: Total time for which application threads were stopped: 0.0001569 seconds, Stopping threads took: 0.0000302 seconds
2016-11-27T08:28:03.115-0100: 462.969: Total time for which application threads were stopped: 0.0001436 seconds, Stopping threads took: 0.0000254 seconds
2016-11-27T08:28:03.115-0100: 462.969: Total time for which application threads were stopped: 0.0000441 seconds, Stopping threads took: 0.0000073 seconds
2016-11-27T08:28:03.115-0100: 462.969: Total time for which application threads were stopped: 0.0000606 seconds, Stopping threads took: 0.0000086 seconds
2016-11-27T08:28:03.115-0100: 462.969: Total time for which application threads were stopped: 0.0000731 seconds, Stopping threads took: 0.0000233 seconds
2016-11-27T08:28:03.117-0100: 462.971: Total time for which application threads were stopped: 0.0000998 seconds, Stopping threads took: 0.0000300 seconds
2016-11-27T08:28:04.119-0100: 463.973: Total time for which application threads were stopped: 0.0005096 seconds, Stopping threads took: 0.0000958 seconds
2016-11-27T08:28:10.136-0100: 469.991: Total time for which application threads were stopped: 0.0002099 seconds, Stopping threads took: 0.0000650 seconds
2016-11-27T08:28:53.125-0100: 512.980: Total time for which application threads were stopped: 0.0001647 seconds, Stopping threads took: 0.0000303 seconds
2016-11-27T08:28:57.132-0100: 516.988: Total time for which application threads were stopped: 0.0001714 seconds, Stopping threads took: 0.0000463 seconds
{Heap before GC invocations=18 (full 1):
 par new generation   total 109248K, used 92885K [0x00000007a0000000, 0x00000007a8000000, 0x00000007a8000000)
  eden space 87424K, 100% used [0x00000007a0000000, 0x00000007a5560000, 0x00000007a5560000)
  from space 21824K,  25% used [0x00000007a5560000, 0x00000007a5ab54e8, 0x00000007a6ab0000)
  to   space 21824K,   0% used [0x00000007a6ab0000, 0x00000007a6ab0000, 0x00000007a8000000)
 concurrent mark-sweep generation total 393216K, used 18816K [0x00000007a8000000, 0x00000007c0000000, 0x00000007c0000000)
 Metaspace       used 33493K, capacity 34046K, committed 34604K, reserved 1079296K
  class space    used 3684K, capacity 3838K, committed 3912K, reserved 1048576K
2016-11-27T08:28:59.859-0100: 519.715: [GC (Allocation Failure) 519.715: [ParNew
Desired survivor size 20112992 bytes, new threshold 8 (max 8)
- age   1:     670280 bytes,     670280 total
- age   2:     325936 bytes,     996216 total
- age   3:     498024 bytes,    1494240 total
- age   4:     344408 bytes,    1838648 total
- age   5:     552960 bytes,    2391608 total
- age   6:     808128 bytes,    3199736 total
- age   7:     778776 bytes,    3978512 total
- age   8:     369480 bytes,    4347992 total
: 92885K->5366K(109248K), 0.0065085 secs] 111701K->24497K(502464K), 0.0065757 secs] [Times: user=0.02 sys=0.00, real=0.01 secs] 
Heap after GC invocations=19 (full 1):
 par new generation   total 109248K, used 5366K [0x00000007a0000000, 0x00000007a8000000, 0x00000007a8000000)
  eden space 87424K,   0% used [0x00000007a0000000, 0x00000007a0000000, 0x00000007a5560000)
  from space 21824K,  24% used [0x00000007a6ab0000, 0x00000007a6fed8a0, 0x00000007a8000000)
  to   space 21824K,   0% used [0x00000007a5560000, 0x00000007a5560000, 0x00000007a6ab0000)
 concurrent mark-sweep generation total 393216K, used 19131K [0x00000007a8000000, 0x00000007c0000000, 0x00000007c0000000)
 Metaspace       used 33493K, capacity 34046K, committed 34604K, reserved 1079296K
  class space    used 3684K, capacity 3838K, committed 3912K, reserved 1048576K
}
2016-11-27T08:28:59.866-0100: 519.722: Total time for which application threads were stopped: 0.0067663 seconds, Stopping threads took: 0.0000303 seconds
2016-11-27T08:29:00.485-0100: 520.341: Total time for which application threads were stopped: 0.0001255 seconds, Stopping threads took: 0.0000233 seconds
2016-11-27T08:29:01.487-0100: 521.343: Total time for which application threads were stopped: 0.0002129 seconds, Stopping threads took: 0.0000446 seconds
2016-11-27T08:29:02.415-0100: 522.271: Total time for which application threads were stopped: 0.0001872 seconds, Stopping threads took: 0.0000858 seconds
2016-11-27T08:29:02.415-0100: 522.271: Total time for which application threads were stopped: 0.0001129 seconds, Stopping threads took: 0.0000500 seconds
2016-11-27T08:29:02.415-0100: 522.271: Total time for which application threads were stopped: 0.0000983 seconds, Stopping threads took: 0.0000463 seconds
2016-11-27T08:29:02.416-0100: 522.272: Total time for which application threads were stopped: 0.0000896 seconds, Stopping threads took: 0.0000393 seconds
2016-11-27T08:29:03.419-0100: 523.275: Total time for which application threads were stopped: 0.0001563 seconds, Stopping threads took: 0.0000478 seconds
2016-11-27T08:29:04.422-0100: 524.278: Total time for which application threads were stopped: 0.0002553 seconds, Stopping threads took: 0.0000567 seconds
2016-11-27T08:29:21.064-0100: 540.920: Total time for which application threads were stopped: 0.0001268 seconds, Stopping threads took: 0.0000247 seconds
2016-11-27T08:29:39.416-0100: 559.274: Total time for which application threads were stopped: 0.0001095 seconds, Stopping threads took: 0.0000209 seconds
2016-11-27T08:29:39.416-0100: 559.274: Total time for which application threads were stopped: 0.0000496 seconds, Stopping threads took: 0.0000072 seconds
2016-11-27T08:29:39.417-0100: 559.274: Total time for which application threads were stopped: 0.0000375 seconds, Stopping threads took: 0.0000062 seconds
2016-11-27T08:29:39.417-0100: 559.274: Total time for which application threads were stopped: 0.0000407 seconds, Stopping threads took: 0.0000062 seconds
{Heap before GC invocations=19 (full 1):
 par new generation   total 109248K, used 92790K [0x00000007a0000000, 0x00000007a8000000, 0x00000007a8000000)
  eden space 87424K, 100% used [0x00000007a0000000, 0x00000007a5560000, 0x00000007a5560000)
  from space 21824K,  24% used [0x00000007a6ab0000, 0x00000007a6fed8a0, 0x00000007a8000000)
  to   space 21824K,   0% used [0x00000007a5560000, 0x00000007a5560000, 0x00000007a6ab0000)
 concurrent mark-sweep generation total 393216K, used 19131K [0x00000007a8000000, 0x00000007c0000000, 0x00000007c0000000)
 Metaspace       used 33501K, capacity 34046K, committed 34604K, reserved 1079296K
  class space    used 3684K, capacity 3838K, committed 3912K, reserved 1048576K
2016-11-27T08:29:42.862-0100: 562.719: [GC (Allocation Failure) 562.719: [ParNew
Desired survivor size 20112992 bytes, new threshold 8 (max 8)
- age   1:     512840 bytes,     512840 total
- age   2:     567192 bytes,    1080032 total
- age   3:     325936 bytes,    1405968 total
- age   4:     493760 bytes,    1899728 total
- age   5:     344408 bytes,    2244136 total
- age   6:     552960 bytes,    2797096 total
- age   7:     808128 bytes,    3605224 total
- age   8:     778776 bytes,    4384000 total
: 92790K->5379K(109248K), 0.0078303 secs] 111921K->24872K(502464K), 0.0079063 secs] [Times: user=0.02 sys=0.00, real=0.01 secs] 
Heap after GC invocations=20 (full 1):
 par new generation   total 109248K, used 5379K [0x00000007a0000000, 0x00000007a8000000, 0x00000007a8000000)
  eden space 87424K,   0% used [0x00000007a0000000, 0x00000007a0000000, 0x00000007a5560000)
  from space 21824K,  24% used [0x00000007a5560000, 0x00000007a5aa0f40, 0x00000007a6ab0000)
  to   space 21824K,   0% used [0x00000007a6ab0000, 0x00000007a6ab0000, 0x00000007a8000000)
 concurrent mark-sweep generation total 393216K, used 19492K [0x00000007a8000000, 0x00000007c0000000, 0x00000007c0000000)
 Metaspace       used 33501K, capacity 34046K, committed 34604K, reserved 1079296K
  class space    used 3684K, capacity 3838K, committed 3912K, reserved 1048576K
}
2016-11-27T08:29:42.870-0100: 562.727: Total time for which application threads were stopped: 0.0081300 seconds, Stopping threads took: 0.0000272 seconds
2016-11-27T08:29:48.906-0100: 568.763: Total time for which application threads were stopped: 0.0001528 seconds, Stopping threads took: 0.0000500 seconds
2016-11-27T08:29:48.906-0100: 568.764: Total time for which application threads were stopped: 0.0001216 seconds, Stopping threads took: 0.0000710 seconds
2016-11-27T08:29:48.906-0100: 568.764: Total time for which application threads were stopped: 0.0000586 seconds, Stopping threads took: 0.0000211 seconds
2016-11-27T08:29:48.906-0100: 568.764: Total time for which application threads were stopped: 0.0000716 seconds, Stopping threads took: 0.0000296 seconds
2016-11-27T08:29:48.907-0100: 568.764: Total time for which application threads were stopped: 0.0002128 seconds, Stopping threads took: 0.0000098 seconds
2016-11-27T08:29:48.907-0100: 568.765: Total time for which application threads were stopped: 0.0001169 seconds, Stopping threads took: 0.0000416 seconds
2016-11-27T08:29:48.907-0100: 568.765: Total time for which application threads were stopped: 0.0000837 seconds, Stopping threads took: 0.0000256 seconds
2016-11-27T08:29:48.907-0100: 568.765: Total time for which application threads were stopped: 0.0000835 seconds, Stopping threads took: 0.0000426 seconds
2016-11-27T08:29:48.908-0100: 568.765: Total time for which application threads were stopped: 0.0000578 seconds, Stopping threads took: 0.0000173 seconds
2016-11-27T08:29:48.908-0100: 568.765: Total time for which application threads were stopped: 0.0000626 seconds, Stopping threads took: 0.0000214 seconds
2016-11-27T08:29:48.908-0100: 568.765: Total time for which application threads were stopped: 0.0000648 seconds, Stopping threads took: 0.0000203 seconds
2016-11-27T08:29:49.015-0100: 568.872: Total time for which application threads were stopped: 0.0001221 seconds, Stopping threads took: 0.0000225 seconds
2016-11-27T08:29:49.015-0100: 568.872: Total time for which application threads were stopped: 0.0000542 seconds, Stopping threads took: 0.0000078 seconds
2016-11-27T08:29:49.402-0100: 569.259: Total time for which application threads were stopped: 0.0001683 seconds, Stopping threads took: 0.0000321 seconds
2016-11-27T08:29:49.402-0100: 569.259: Total time for which application threads were stopped: 0.0000916 seconds, Stopping threads took: 0.0000126 seconds
2016-11-27T08:29:49.402-0100: 569.259: Total time for which application threads were stopped: 0.0000631 seconds, Stopping threads took: 0.0000050 seconds
2016-11-27T08:29:49.402-0100: 569.259: Total time for which application threads were stopped: 0.0000866 seconds, Stopping threads took: 0.0000106 seconds
2016-11-27T08:29:49.402-0100: 569.259: Total time for which application threads were stopped: 0.0000582 seconds, Stopping threads took: 0.0000046 seconds
2016-11-27T08:29:49.445-0100: 569.303: Total time for which application threads were stopped: 0.0001730 seconds, Stopping threads took: 0.0000411 seconds
2016-11-27T08:29:49.446-0100: 569.303: Total time for which application threads were stopped: 0.0001080 seconds, Stopping threads took: 0.0000234 seconds
2016-11-27T08:29:49.446-0100: 569.303: Total time for which application threads were stopped: 0.0001108 seconds, Stopping threads took: 0.0000226 seconds
2016-11-27T08:29:49.446-0100: 569.303: Total time for which application threads were stopped: 0.0001272 seconds, Stopping threads took: 0.0000323 seconds
2016-11-27T08:29:49.446-0100: 569.304: Total time for which application threads were stopped: 0.0001353 seconds, Stopping threads took: 0.0000334 seconds
2016-11-27T08:29:50.448-0100: 570.305: Total time for which application threads were stopped: 0.0001693 seconds, Stopping threads took: 0.0000355 seconds
2016-11-27T08:29:51.858-0100: 571.716: Total time for which application threads were stopped: 0.0001196 seconds, Stopping threads took: 0.0000227 seconds
2016-11-27T08:29:51.859-0100: 571.716: Total time for which application threads were stopped: 0.0003797 seconds, Stopping threads took: 0.0000136 seconds
2016-11-27T08:29:52.861-0100: 572.719: Total time for which application threads were stopped: 0.0002392 seconds, Stopping threads took: 0.0000626 seconds
2016-11-27T08:29:53.864-0100: 573.721: Total time for which application threads were stopped: 0.0002691 seconds, Stopping threads took: 0.0000917 seconds
2016-11-27T08:29:55.140-0100: 574.997: Total time for which application threads were stopped: 0.0001255 seconds, Stopping threads took: 0.0000184 seconds
{Heap before GC invocations=20 (full 1):
 par new generation   total 109248K, used 92803K [0x00000007a0000000, 0x00000007a8000000, 0x00000007a8000000)
  eden space 87424K, 100% used [0x00000007a0000000, 0x00000007a5560000, 0x00000007a5560000)
  from space 21824K,  24% used [0x00000007a5560000, 0x00000007a5aa0f40, 0x00000007a6ab0000)
  to   space 21824K,   0% used [0x00000007a6ab0000, 0x00000007a6ab0000, 0x00000007a8000000)
 concurrent mark-sweep generation total 393216K, used 19492K [0x00000007a8000000, 0x00000007c0000000, 0x00000007c0000000)
 Metaspace       used 33576K, capacity 34128K, committed 34604K, reserved 1079296K
  class space    used 3686K, capacity 3841K, committed 3912K, reserved 1048576K
2016-11-27T08:29:55.198-0100: 575.056: [GC (Allocation Failure) 575.056: [ParNew
Desired survivor size 20112992 bytes, new threshold 8 (max 8)
- age   1:    1537888 bytes,    1537888 total
- age   2:     466728 bytes,    2004616 total
- age   3:     566832 bytes,    2571448 total
- age   4:     325936 bytes,    2897384 total
- age   5:     491360 bytes,    3388744 total
- age   6:     344408 bytes,    3733152 total
- age   7:     552960 bytes,    4286112 total
- age   8:     808128 bytes,    5094240 total
: 92803K->5768K(109248K), 0.0072604 secs] 112296K->26021K(502464K), 0.0073338 secs] [Times: user=0.03 sys=0.00, real=0.01 secs] 
Heap after GC invocations=21 (full 1):
 par new generation   total 109248K, used 5768K [0x00000007a0000000, 0x00000007a8000000, 0x00000007a8000000)
  eden space 87424K,   0% used [0x00000007a0000000, 0x00000007a0000000, 0x00000007a5560000)
  from space 21824K,  26% used [0x00000007a6ab0000, 0x00000007a7052050, 0x00000007a8000000)
  to   space 21824K,   0% used [0x00000007a5560000, 0x00000007a5560000, 0x00000007a6ab0000)
 concurrent mark-sweep generation total 393216K, used 20253K [0x00000007a8000000, 0x00000007c0000000, 0x00000007c0000000)
 Metaspace       used 33576K, capacity 34128K, committed 34604K, reserved 1079296K
  class space    used 3686K, capacity 3841K, committed 3912K, reserved 1048576K
}
2016-11-27T08:29:55.206-0100: 575.063: Total time for which application threads were stopped: 0.0075692 seconds, Stopping threads took: 0.0000682 seconds
2016-11-27T08:29:55.206-0100: 575.064: Total time for which application threads were stopped: 0.0001913 seconds, Stopping threads took: 0.0000877 seconds
2016-11-27T08:29:55.206-0100: 575.064: Total time for which application threads were stopped: 0.0001306 seconds, Stopping threads took: 0.0000341 seconds
2016-11-27T08:29:55.207-0100: 575.064: Total time for which application threads were stopped: 0.0000913 seconds, Stopping threads took: 0.0000273 seconds
2016-11-27T08:29:55.207-0100: 575.064: Total time for which application threads were stopped: 0.0000897 seconds, Stopping threads took: 0.0000080 seconds
2016-11-27T08:29:55.207-0100: 575.065: Total time for which application threads were stopped: 0.0001698 seconds, Stopping threads took: 0.0000863 seconds
2016-11-27T08:29:55.207-0100: 575.065: Total time for which application threads were stopped: 0.0001259 seconds, Stopping threads took: 0.0000619 seconds
2016-11-27T08:29:55.207-0100: 575.065: Total time for which application threads were stopped: 0.0000980 seconds, Stopping threads took: 0.0000291 seconds
2016-11-27T08:29:55.207-0100: 575.065: Total time for which application threads were stopped: 0.0001339 seconds, Stopping threads took: 0.0000600 seconds
2016-11-27T08:29:55.246-0100: 575.104: Total time for which application threads were stopped: 0.0001241 seconds, Stopping threads took: 0.0000164 seconds
2016-11-27T08:29:55.246-0100: 575.104: Total time for which application threads were stopped: 0.0001832 seconds, Stopping threads took: 0.0001254 seconds
2016-11-27T08:29:55.246-0100: 575.104: Total time for which application threads were stopped: 0.0000569 seconds, Stopping threads took: 0.0000089 seconds
2016-11-27T08:29:55.246-0100: 575.104: Total time for which application threads were stopped: 0.0000708 seconds, Stopping threads took: 0.0000200 seconds
2016-11-27T08:29:55.247-0100: 575.104: Total time for which application threads were stopped: 0.0000814 seconds, Stopping threads took: 0.0000281 seconds
2016-11-27T08:29:55.247-0100: 575.104: Total time for which application threads were stopped: 0.0000784 seconds, Stopping threads took: 0.0000274 seconds
2016-11-27T08:29:55.247-0100: 575.104: Total time for which application threads were stopped: 0.0001383 seconds, Stopping threads took: 0.0000280 seconds
2016-11-27T08:29:55.255-0100: 575.113: Total time for which application threads were stopped: 0.0001481 seconds, Stopping threads took: 0.0000372 seconds
2016-11-27T08:29:55.256-0100: 575.114: Total time for which application threads were stopped: 0.0001153 seconds, Stopping threads took: 0.0000148 seconds
2016-11-27T08:29:55.256-0100: 575.114: Total time for which application threads were stopped: 0.0001100 seconds, Stopping threads took: 0.0000352 seconds
2016-11-27T08:29:55.258-0100: 575.116: Total time for which application threads were stopped: 0.0002175 seconds, Stopping threads took: 0.0000333 seconds
2016-11-27T08:29:55.260-0100: 575.117: Total time for which application threads were stopped: 0.0000883 seconds, Stopping threads took: 0.0000152 seconds
2016-11-27T08:29:55.260-0100: 575.118: Total time for which application threads were stopped: 0.0000917 seconds, Stopping threads took: 0.0000248 seconds
2016-11-27T08:29:55.260-0100: 575.118: Total time for which application threads were stopped: 0.0000874 seconds, Stopping threads took: 0.0000134 seconds
2016-11-27T08:29:55.260-0100: 575.118: Total time for which application threads were stopped: 0.0000799 seconds, Stopping threads took: 0.0000229 seconds
2016-11-27T08:29:55.269-0100: 575.127: Total time for which application threads were stopped: 0.0001692 seconds, Stopping threads took: 0.0000699 seconds
2016-11-27T08:29:55.269-0100: 575.127: Total time for which application threads were stopped: 0.0000560 seconds, Stopping threads took: 0.0000097 seconds
2016-11-27T08:29:55.270-0100: 575.127: Total time for which application threads were stopped: 0.0001003 seconds, Stopping threads took: 0.0000133 seconds
2016-11-27T08:29:55.271-0100: 575.128: Total time for which application threads were stopped: 0.0001010 seconds, Stopping threads took: 0.0000307 seconds
2016-11-27T08:29:55.271-0100: 575.128: Total time for which application threads were stopped: 0.0000841 seconds, Stopping threads took: 0.0000183 seconds
2016-11-27T08:29:56.275-0100: 576.133: Total time for which application threads were stopped: 0.0001627 seconds, Stopping threads took: 0.0000346 seconds
{Heap before GC invocations=21 (full 1):
 par new generation   total 109248K, used 93192K [0x00000007a0000000, 0x00000007a8000000, 0x00000007a8000000)
  eden space 87424K, 100% used [0x00000007a0000000, 0x00000007a5560000, 0x00000007a5560000)
  from space 21824K,  26% used [0x00000007a6ab0000, 0x00000007a7052050, 0x00000007a8000000)
  to   space 21824K,   0% used [0x00000007a5560000, 0x00000007a5560000, 0x00000007a6ab0000)
 concurrent mark-sweep generation total 393216K, used 20253K [0x00000007a8000000, 0x00000007c0000000, 0x00000007c0000000)
 Metaspace       used 33678K, capacity 34176K, committed 34604K, reserved 1079296K
  class space    used 3690K, capacity 3849K, committed 3912K, reserved 1048576K
2016-11-27T08:29:57.352-0100: 577.210: [GC (Allocation Failure) 577.210: [ParNew
Desired survivor size 20112992 bytes, new threshold 8 (max 8)
- age   1:    1963880 bytes,    1963880 total
- age   2:     930088 bytes,    2893968 total
- age   3:     464976 bytes,    3358944 total
- age   4:     566408 bytes,    3925352 total
- age   5:     325936 bytes,    4251288 total
- age   6:     490600 bytes,    4741888 total
- age   7:     344408 bytes,    5086296 total
- age   8:     552960 bytes,    5639256 total
: 93192K->8500K(109248K), 0.0074688 secs] 113445K->29543K(502464K), 0.0075236 secs] [Times: user=0.03 sys=0.00, real=0.00 secs] 
Heap after GC invocations=22 (full 1):
 par new generation   total 109248K, used 8500K [0x00000007a0000000, 0x00000007a8000000, 0x00000007a8000000)
  eden space 87424K,   0% used [0x00000007a0000000, 0x00000007a0000000, 0x00000007a5560000)
  from space 21824K,  38% used [0x00000007a5560000, 0x00000007a5dad128, 0x00000007a6ab0000)
  to   space 21824K,   0% used [0x00000007a6ab0000, 0x00000007a6ab0000, 0x00000007a8000000)
 concurrent mark-sweep generation total 393216K, used 21043K [0x00000007a8000000, 0x00000007c0000000, 0x00000007c0000000)
 Metaspace       used 33678K, capacity 34176K, committed 34604K, reserved 1079296K
  class space    used 3690K, capacity 3849K, committed 3912K, reserved 1048576K
}
2016-11-27T08:29:57.360-0100: 577.217: Total time for which application threads were stopped: 0.0077252 seconds, Stopping threads took: 0.0000220 seconds
2016-11-27T08:29:57.360-0100: 577.217: Total time for which application threads were stopped: 0.0001710 seconds, Stopping threads took: 0.0000634 seconds
2016-11-27T08:29:57.395-0100: 577.253: Total time for which application threads were stopped: 0.0001967 seconds, Stopping threads took: 0.0000349 seconds
2016-11-27T08:29:57.398-0100: 577.256: Total time for which application threads were stopped: 0.0005101 seconds, Stopping threads took: 0.0000896 seconds
2016-11-27T08:29:57.404-0100: 577.262: Total time for which application threads were stopped: 0.0001651 seconds, Stopping threads took: 0.0000612 seconds
2016-11-27T08:29:57.405-0100: 577.262: Total time for which application threads were stopped: 0.0001322 seconds, Stopping threads took: 0.0000409 seconds
2016-11-27T08:29:57.405-0100: 577.262: Total time for which application threads were stopped: 0.0001607 seconds, Stopping threads took: 0.0000786 seconds
2016-11-27T08:29:57.405-0100: 577.263: Total time for which application threads were stopped: 0.0000521 seconds, Stopping threads took: 0.0000088 seconds
2016-11-27T08:29:57.405-0100: 577.263: Total time for which application threads were stopped: 0.0000503 seconds, Stopping threads took: 0.0000074 seconds
2016-11-27T08:29:57.405-0100: 577.263: Total time for which application threads were stopped: 0.0000504 seconds, Stopping threads took: 0.0000073 seconds
2016-11-27T08:29:57.407-0100: 577.264: Total time for which application threads were stopped: 0.0001123 seconds, Stopping threads took: 0.0000340 seconds
2016-11-27T08:29:57.407-0100: 577.265: Total time for which application threads were stopped: 0.0000889 seconds, Stopping threads took: 0.0000406 seconds
2016-11-27T08:29:57.407-0100: 577.265: Total time for which application threads were stopped: 0.0000882 seconds, Stopping threads took: 0.0000222 seconds
2016-11-27T08:29:57.407-0100: 577.265: Total time for which application threads were stopped: 0.0000589 seconds, Stopping threads took: 0.0000095 seconds
2016-11-27T08:29:57.407-0100: 577.265: Total time for which application threads were stopped: 0.0000779 seconds, Stopping threads took: 0.0000276 seconds
2016-11-27T08:29:57.407-0100: 577.265: Total time for which application threads were stopped: 0.0000564 seconds, Stopping threads took: 0.0000114 seconds
2016-11-27T08:29:58.410-0100: 578.267: Total time for which application threads were stopped: 0.0003090 seconds, Stopping threads took: 0.0000783 seconds
2016-11-27T08:30:00.380-0100: 580.238: Total time for which application threads were stopped: 0.0001564 seconds, Stopping threads took: 0.0000465 seconds
2016-11-27T08:30:00.381-0100: 580.238: Total time for which application threads were stopped: 0.0000779 seconds, Stopping threads took: 0.0000159 seconds
2016-11-27T08:30:00.381-0100: 580.239: Total time for which application threads were stopped: 0.0001123 seconds, Stopping threads took: 0.0000396 seconds
2016-11-27T08:30:00.384-0100: 580.242: Total time for which application threads were stopped: 0.0001442 seconds, Stopping threads took: 0.0000224 seconds
2016-11-27T08:30:00.385-0100: 580.243: Total time for which application threads were stopped: 0.0000861 seconds, Stopping threads took: 0.0000119 seconds
2016-11-27T08:30:00.388-0100: 580.245: Total time for which application threads were stopped: 0.0000911 seconds, Stopping threads took: 0.0000126 seconds
2016-11-27T08:30:00.405-0100: 580.263: Total time for which application threads were stopped: 0.0002294 seconds, Stopping threads took: 0.0001079 seconds
2016-11-27T08:30:00.406-0100: 580.263: Total time for which application threads were stopped: 0.0000634 seconds, Stopping threads took: 0.0000112 seconds
2016-11-27T08:30:00.406-0100: 580.264: Total time for which application threads were stopped: 0.0000921 seconds, Stopping threads took: 0.0000113 seconds
2016-11-27T08:30:00.406-0100: 580.264: Total time for which application threads were stopped: 0.0000741 seconds, Stopping threads took: 0.0000085 seconds
2016-11-27T08:30:01.411-0100: 581.269: Total time for which application threads were stopped: 0.0001902 seconds, Stopping threads took: 0.0000378 seconds
2016-11-27T08:30:02.210-0100: 582.068: Total time for which application threads were stopped: 0.0001226 seconds, Stopping threads took: 0.0000293 seconds
{Heap before GC invocations=22 (full 1):
 par new generation   total 109248K, used 95924K [0x00000007a0000000, 0x00000007a8000000, 0x00000007a8000000)
  eden space 87424K, 100% used [0x00000007a0000000, 0x00000007a5560000, 0x00000007a5560000)
  from space 21824K,  38% used [0x00000007a5560000, 0x00000007a5dad128, 0x00000007a6ab0000)
  to   space 21824K,   0% used [0x00000007a6ab0000, 0x00000007a6ab0000, 0x00000007a8000000)
 concurrent mark-sweep generation total 393216K, used 21043K [0x00000007a8000000, 0x00000007c0000000, 0x00000007c0000000)
 Metaspace       used 33741K, capacity 34304K, committed 34860K, reserved 1081344K
  class space    used 3690K, capacity 3849K, committed 3912K, reserved 1048576K
2016-11-27T08:30:04.084-0100: 583.942: [GC (Allocation Failure) 583.942: [ParNew
Desired survivor size 20112992 bytes, new threshold 8 (max 8)
- age   1:     886160 bytes,     886160 total
- age   2:    1269744 bytes,    2155904 total
- age   3:     920736 bytes,    3076640 total
- age   4:     464712 bytes,    3541352 total
- age   5:     566408 bytes,    4107760 total
- age   6:     325936 bytes,    4433696 total
- age   7:     490456 bytes,    4924152 total
- age   8:     344408 bytes,    5268560 total
: 95924K->6630K(109248K), 0.0067462 secs] 116967K->28213K(502464K), 0.0068036 secs] [Times: user=0.02 sys=0.00, real=0.01 secs] 
Heap after GC invocations=23 (full 1):
 par new generation   total 109248K, used 6630K [0x00000007a0000000, 0x00000007a8000000, 0x00000007a8000000)
  eden space 87424K,   0% used [0x00000007a0000000, 0x00000007a0000000, 0x00000007a5560000)
  from space 21824K,  30% used [0x00000007a6ab0000, 0x00000007a7129860, 0x00000007a8000000)
  to   space 21824K,   0% used [0x00000007a5560000, 0x00000007a5560000, 0x00000007a6ab0000)
 concurrent mark-sweep generation total 393216K, used 21583K [0x00000007a8000000, 0x00000007c0000000, 0x00000007c0000000)
 Metaspace       used 33741K, capacity 34304K, committed 34860K, reserved 1081344K
  class space    used 3690K, capacity 3849K, committed 3912K, reserved 1048576K
}
2016-11-27T08:30:04.091-0100: 583.949: Total time for which application threads were stopped: 0.0069987 seconds, Stopping threads took: 0.0000234 seconds
2016-11-27T08:30:05.094-0100: 584.952: Total time for which application threads were stopped: 0.0002828 seconds, Stopping threads took: 0.0000828 seconds
2016-11-27T08:30:08.684-0100: 588.542: Total time for which application threads were stopped: 0.0001410 seconds, Stopping threads took: 0.0000245 seconds
2016-11-27T08:30:10.379-0100: 590.237: Total time for which application threads were stopped: 0.0001334 seconds, Stopping threads took: 0.0000243 seconds
2016-11-27T08:30:10.379-0100: 590.237: Total time for which application threads were stopped: 0.0000545 seconds, Stopping threads took: 0.0000070 seconds
2016-11-27T08:30:10.384-0100: 590.242: Total time for which application threads were stopped: 0.0001268 seconds, Stopping threads took: 0.0000297 seconds
{Heap before GC invocations=23 (full 1):
 par new generation   total 109248K, used 94053K [0x00000007a0000000, 0x00000007a8000000, 0x00000007a8000000)
  eden space 87424K,  99% used [0x00000007a0000000, 0x00000007a555fdf0, 0x00000007a5560000)
  from space 21824K,  30% used [0x00000007a6ab0000, 0x00000007a7129860, 0x00000007a8000000)
  to   space 21824K,   0% used [0x00000007a5560000, 0x00000007a5560000, 0x00000007a6ab0000)
 concurrent mark-sweep generation total 393216K, used 21583K [0x00000007a8000000, 0x00000007c0000000, 0x00000007c0000000)
 Metaspace       used 33742K, capacity 34304K, committed 34860K, reserved 1081344K
  class space    used 3690K, capacity 3849K, committed 3912K, reserved 1048576K
2016-11-27T08:30:11.793-0100: 591.651: [GC (Allocation Failure) 591.651: [ParNew
Desired survivor size 20112992 bytes, new threshold 8 (max 8)
- age   1:    1376592 bytes,    1376592 total
- age   2:     835320 bytes,    2211912 total
- age   3:    1254712 bytes,    3466624 total
- age   4:     917480 bytes,    4384104 total
- age   5:     464712 bytes,    4848816 total
- age   6:     566408 bytes,    5415224 total
- age   7:     325936 bytes,    5741160 total
- age   8:     490456 bytes,    6231616 total
: 94053K->7743K(109248K), 0.0077388 secs] 115637K->29663K(502464K), 0.0078045 secs] [Times: user=0.03 sys=0.01, real=0.01 secs] 
Heap after GC invocations=24 (full 1):
 par new generation   total 109248K, used 7743K [0x00000007a0000000, 0x00000007a8000000, 0x00000007a8000000)
  eden space 87424K,   0% used [0x00000007a0000000, 0x00000007a0000000, 0x00000007a5560000)
  from space 21824K,  35% used [0x00000007a5560000, 0x00000007a5cefcf0, 0x00000007a6ab0000)
  to   space 21824K,   0% used [0x00000007a6ab0000, 0x00000007a6ab0000, 0x00000007a8000000)
 concurrent mark-sweep generation total 393216K, used 21920K [0x00000007a8000000, 0x00000007c0000000, 0x00000007c0000000)
 Metaspace       used 33742K, capacity 34304K, committed 34860K, reserved 1081344K
  class space    used 3690K, capacity 3849K, committed 3912K, reserved 1048576K
}
2016-11-27T08:30:11.801-0100: 591.659: Total time for which application threads were stopped: 0.0080147 seconds, Stopping threads took: 0.0000250 seconds
2016-11-27T08:30:20.647-0100: 600.505: Total time for which application threads were stopped: 0.0001193 seconds, Stopping threads took: 0.0000226 seconds
2016-11-27T08:30:20.647-0100: 600.505: Total time for which application threads were stopped: 0.0000928 seconds, Stopping threads took: 0.0000344 seconds
2016-11-27T08:30:20.647-0100: 600.506: Total time for which application threads were stopped: 0.0001589 seconds, Stopping threads took: 0.0000698 seconds
2016-11-27T08:30:20.648-0100: 600.506: Total time for which application threads were stopped: 0.0000825 seconds, Stopping threads took: 0.0000181 seconds
2016-11-27T08:30:20.660-0100: 600.518: Total time for which application threads were stopped: 0.0001239 seconds, Stopping threads took: 0.0000179 seconds
2016-11-27T08:30:20.711-0100: 600.570: Total time for which application threads were stopped: 0.0001622 seconds, Stopping threads took: 0.0000294 seconds
2016-11-27T08:30:20.711-0100: 600.570: Total time for which application threads were stopped: 0.0000954 seconds, Stopping threads took: 0.0000118 seconds
2016-11-27T08:30:20.759-0100: 600.618: Total time for which application threads were stopped: 0.0002904 seconds, Stopping threads took: 0.0000996 seconds
2016-11-27T08:30:20.760-0100: 600.618: Total time for which application threads were stopped: 0.0001256 seconds, Stopping threads took: 0.0000162 seconds
2016-11-27T08:30:21.761-0100: 601.619: Total time for which application threads were stopped: 0.0001683 seconds, Stopping threads took: 0.0000345 seconds
2016-11-27T08:30:28.737-0100: 608.596: Total time for which application threads were stopped: 0.0001433 seconds, Stopping threads took: 0.0000213 seconds
2016-11-27T08:30:29.740-0100: 609.598: Total time for which application threads were stopped: 0.0002394 seconds, Stopping threads took: 0.0000387 seconds
2016-11-27T08:30:34.754-0100: 614.612: Total time for which application threads were stopped: 0.0001541 seconds, Stopping threads took: 0.0000314 seconds
2016-11-27T08:30:49.786-0100: 629.645: Total time for which application threads were stopped: 0.0003336 seconds, Stopping threads took: 0.0000824 seconds
2016-11-27T08:30:50.790-0100: 630.650: Total time for which application threads were stopped: 0.0001507 seconds, Stopping threads took: 0.0000317 seconds
{Heap before GC invocations=24 (full 1):
 par new generation   total 109248K, used 95167K [0x00000007a0000000, 0x00000007a8000000, 0x00000007a8000000)
  eden space 87424K, 100% used [0x00000007a0000000, 0x00000007a5560000, 0x00000007a5560000)
  from space 21824K,  35% used [0x00000007a5560000, 0x00000007a5cefcf0, 0x00000007a6ab0000)
  to   space 21824K,   0% used [0x00000007a6ab0000, 0x00000007a6ab0000, 0x00000007a8000000)
 concurrent mark-sweep generation total 393216K, used 21920K [0x00000007a8000000, 0x00000007c0000000, 0x00000007c0000000)
 Metaspace       used 33751K, capacity 34304K, committed 34860K, reserved 1081344K
  class space    used 3690K, capacity 3849K, committed 3912K, reserved 1048576K
2016-11-27T08:30:52.567-0100: 632.426: [GC (Allocation Failure) 632.426: [ParNew
Desired survivor size 20112992 bytes, new threshold 8 (max 8)
- age   1:    1273856 bytes,    1273856 total
- age   2:    1281080 bytes,    2554936 total
- age   3:     834032 bytes,    3388968 total
- age   4:    1254496 bytes,    4643464 total
- age   5:     916432 bytes,    5559896 total
- age   6:     464648 bytes,    6024544 total
- age   7:     566408 bytes,    6590952 total
- age   8:     325936 bytes,    6916888 total
: 95167K->8983K(109248K), 0.0083069 secs] 117087K->31383K(502464K), 0.0083831 secs] [Times: user=0.02 sys=0.00, real=0.01 secs] 
Heap after GC invocations=25 (full 1):
 par new generation   total 109248K, used 8983K [0x00000007a0000000, 0x00000007a8000000, 0x00000007a8000000)
  eden space 87424K,   0% used [0x00000007a0000000, 0x00000007a0000000, 0x00000007a5560000)
  from space 21824K,  41% used [0x00000007a6ab0000, 0x00000007a7375e48, 0x00000007a8000000)
  to   space 21824K,   0% used [0x00000007a5560000, 0x00000007a5560000, 0x00000007a6ab0000)
 concurrent mark-sweep generation total 393216K, used 22399K [0x00000007a8000000, 0x00000007c0000000, 0x00000007c0000000)
 Metaspace       used 33751K, capacity 34304K, committed 34860K, reserved 1081344K
  class space    used 3690K, capacity 3849K, committed 3912K, reserved 1048576K
}
2016-11-27T08:30:52.575-0100: 632.435: Total time for which application threads were stopped: 0.0086245 seconds, Stopping threads took: 0.0000265 seconds
2016-11-27T08:30:53.581-0100: 633.440: Total time for which application threads were stopped: 0.0002748 seconds, Stopping threads took: 0.0000585 seconds
2016-11-27T08:30:54.583-0100: 634.442: Total time for which application threads were stopped: 0.0003118 seconds, Stopping threads took: 0.0001221 seconds
2016-11-27T08:30:57.593-0100: 637.453: Total time for which application threads were stopped: 0.0002952 seconds, Stopping threads took: 0.0000642 seconds
2016-11-27T08:30:58.594-0100: 638.454: Total time for which application threads were stopped: 0.0002092 seconds, Stopping threads took: 0.0000346 seconds
2016-11-27T08:31:02.604-0100: 642.464: Total time for which application threads were stopped: 0.0001556 seconds, Stopping threads took: 0.0000338 seconds
{Heap before GC invocations=25 (full 1):
 par new generation   total 109248K, used 96407K [0x00000007a0000000, 0x00000007a8000000, 0x00000007a8000000)
  eden space 87424K, 100% used [0x00000007a0000000, 0x00000007a5560000, 0x00000007a5560000)
  from space 21824K,  41% used [0x00000007a6ab0000, 0x00000007a7375e48, 0x00000007a8000000)
  to   space 21824K,   0% used [0x00000007a5560000, 0x00000007a5560000, 0x00000007a6ab0000)
 concurrent mark-sweep generation total 393216K, used 22399K [0x00000007a8000000, 0x00000007c0000000, 0x00000007c0000000)
 Metaspace       used 33755K, capacity 34304K, committed 34860K, reserved 1081344K
  class space    used 3690K, capacity 3849K, committed 3912K, reserved 1048576K
2016-11-27T08:31:09.264-0100: 649.124: [GC (Allocation Failure) 649.124: [ParNew
Desired survivor size 20112992 bytes, new threshold 8 (max 8)
- age   1:    1123904 bytes,    1123904 total
- age   2:    1233248 bytes,    2357152 total
- age   3:    1281080 bytes,    3638232 total
- age   4:     833904 bytes,    4472136 total
- age   5:    1254496 bytes,    5726632 total
- age   6:     916432 bytes,    6643064 total
- age   7:     464648 bytes,    7107712 total
- age   8:     566408 bytes,    7674120 total
: 96407K->9688K(109248K), 0.0074975 secs] 118807K->32407K(502464K), 0.0075550 secs] [Times: user=0.02 sys=0.00, real=0.01 secs] 
Heap after GC invocations=26 (full 1):
 par new generation   total 109248K, used 9688K [0x00000007a0000000, 0x00000007a8000000, 0x00000007a8000000)
  eden space 87424K,   0% used [0x00000007a0000000, 0x00000007a0000000, 0x00000007a5560000)
  from space 21824K,  44% used [0x00000007a5560000, 0x00000007a5ed6348, 0x00000007a6ab0000)
  to   space 21824K,   0% used [0x00000007a6ab0000, 0x00000007a6ab0000, 0x00000007a8000000)
 concurrent mark-sweep generation total 393216K, used 22718K [0x00000007a8000000, 0x00000007c0000000, 0x00000007c0000000)
 Metaspace       used 33755K, capacity 34304K, committed 34860K, reserved 1081344K
  class space    used 3690K, capacity 3849K, committed 3912K, reserved 1048576K
}
2016-11-27T08:31:09.271-0100: 649.131: Total time for which application threads were stopped: 0.0077852 seconds, Stopping threads took: 0.0000366 seconds
2016-11-27T08:31:10.668-0100: 650.528: Total time for which application threads were stopped: 0.0001586 seconds, Stopping threads took: 0.0000330 seconds
2016-11-27T08:31:18.745-0100: 658.605: Total time for which application threads were stopped: 0.0005119 seconds, Stopping threads took: 0.0001082 seconds
2016-11-27T08:31:20.655-0100: 660.515: Total time for which application threads were stopped: 0.0001335 seconds, Stopping threads took: 0.0000224 seconds
2016-11-27T08:31:20.655-0100: 660.515: Total time for which application threads were stopped: 0.0000846 seconds, Stopping threads took: 0.0000163 seconds
2016-11-27T08:31:20.655-0100: 660.515: Total time for which application threads were stopped: 0.0000648 seconds, Stopping threads took: 0.0000079 seconds
2016-11-27T08:31:20.655-0100: 660.515: Total time for which application threads were stopped: 0.0000834 seconds, Stopping threads took: 0.0000162 seconds
2016-11-27T08:31:20.655-0100: 660.516: Total time for which application threads were stopped: 0.0001190 seconds, Stopping threads took: 0.0000365 seconds
2016-11-27T08:31:20.656-0100: 660.516: Total time for which application threads were stopped: 0.0000808 seconds, Stopping threads took: 0.0000110 seconds
2016-11-27T08:31:20.657-0100: 660.517: Total time for which application threads were stopped: 0.0000652 seconds, Stopping threads took: 0.0000075 seconds
2016-11-27T08:31:20.657-0100: 660.517: Total time for which application threads were stopped: 0.0000692 seconds, Stopping threads took: 0.0000072 seconds
2016-11-27T08:31:20.657-0100: 660.517: Total time for which application threads were stopped: 0.0001018 seconds, Stopping threads took: 0.0000209 seconds
2016-11-27T08:31:20.762-0100: 660.622: Total time for which application threads were stopped: 0.0001387 seconds, Stopping threads took: 0.0000265 seconds
2016-11-27T08:31:21.766-0100: 661.627: Total time for which application threads were stopped: 0.0003146 seconds, Stopping threads took: 0.0000772 seconds
2016-11-27T08:31:30.785-0100: 670.646: Total time for which application threads were stopped: 0.0002669 seconds, Stopping threads took: 0.0000590 seconds
2016-11-27T08:31:31.789-0100: 671.650: Total time for which application threads were stopped: 0.0003088 seconds, Stopping threads took: 0.0000788 seconds
{Heap before GC invocations=26 (full 1):
 par new generation   total 109248K, used 97112K [0x00000007a0000000, 0x00000007a8000000, 0x00000007a8000000)
  eden space 87424K, 100% used [0x00000007a0000000, 0x00000007a5560000, 0x00000007a5560000)
  from space 21824K,  44% used [0x00000007a5560000, 0x00000007a5ed6348, 0x00000007a6ab0000)
  to   space 21824K,   0% used [0x00000007a6ab0000, 0x00000007a6ab0000, 0x00000007a8000000)
 concurrent mark-sweep generation total 393216K, used 22718K [0x00000007a8000000, 0x00000007c0000000, 0x00000007c0000000)
 Metaspace       used 33764K, capacity 34304K, committed 34860K, reserved 1081344K
  class space    used 3691K, capacity 3849K, committed 3912K, reserved 1048576K
2016-11-27T08:31:32.576-0100: 672.436: [GC (Allocation Failure) 672.437: [ParNew
Desired survivor size 20112992 bytes, new threshold 8 (max 8)
- age   1:    2200928 bytes,    2200928 total
- age   2:    1035968 bytes,    3236896 total
- age   3:    1227136 bytes,    4464032 total
- age   4:    1281080 bytes,    5745112 total
- age   5:     833872 bytes,    6578984 total
- age   6:    1254496 bytes,    7833480 total
- age   7:     913080 bytes,    8746560 total
- age   8:     464648 bytes,    9211208 total
: 97112K->11262K(109248K), 0.0070821 secs] 119831K->34534K(502464K), 0.0074615 secs] [Times: user=0.02 sys=0.00, real=0.01 secs] 
Heap after GC invocations=27 (full 1):
 par new generation   total 109248K, used 11262K [0x00000007a0000000, 0x00000007a8000000, 0x00000007a8000000)
  eden space 87424K,   0% used [0x00000007a0000000, 0x00000007a0000000, 0x00000007a5560000)
  from space 21824K,  51% used [0x00000007a6ab0000, 0x00000007a75afba0, 0x00000007a8000000)
  to   space 21824K,   0% used [0x00000007a5560000, 0x00000007a5560000, 0x00000007a6ab0000)
 concurrent mark-sweep generation total 393216K, used 23271K [0x00000007a8000000, 0x00000007c0000000, 0x00000007c0000000)
 Metaspace       used 33764K, capacity 34304K, committed 34860K, reserved 1081344K
  class space    used 3691K, capacity 3849K, committed 3912K, reserved 1048576K
}
2016-11-27T08:31:32.583-0100: 672.444: Total time for which application threads were stopped: 0.0077504 seconds, Stopping threads took: 0.0000840 seconds
2016-11-27T08:31:45.347-0100: 685.208: Total time for which application threads were stopped: 0.0001552 seconds, Stopping threads took: 0.0000267 seconds
2016-11-27T08:31:45.347-0100: 685.208: Total time for which application threads were stopped: 0.0000826 seconds, Stopping threads took: 0.0000137 seconds
2016-11-27T08:31:45.348-0100: 685.208: Total time for which application threads were stopped: 0.0000664 seconds, Stopping threads took: 0.0000082 seconds
2016-11-27T08:31:45.348-0100: 685.209: Total time for which application threads were stopped: 0.0000641 seconds, Stopping threads took: 0.0000077 seconds
2016-11-27T08:31:45.348-0100: 685.209: Total time for which application threads were stopped: 0.0000636 seconds, Stopping threads took: 0.0000076 seconds
2016-11-27T08:31:45.348-0100: 685.209: Total time for which application threads were stopped: 0.0000633 seconds, Stopping threads took: 0.0000076 seconds
2016-11-27T08:31:45.348-0100: 685.209: Total time for which application threads were stopped: 0.0000775 seconds, Stopping threads took: 0.0000108 seconds
2016-11-27T08:31:45.348-0100: 685.209: Total time for which application threads were stopped: 0.0000746 seconds, Stopping threads took: 0.0000084 seconds
2016-11-27T08:31:45.348-0100: 685.209: Total time for which application threads were stopped: 0.0000587 seconds, Stopping threads took: 0.0000071 seconds
2016-11-27T08:31:45.348-0100: 685.209: Total time for which application threads were stopped: 0.0001733 seconds, Stopping threads took: 0.0000068 seconds
2016-11-27T08:31:54.434-0100: 694.295: Total time for which application threads were stopped: 0.0003452 seconds, Stopping threads took: 0.0001685 seconds
2016-11-27T08:31:54.434-0100: 694.295: Total time for which application threads were stopped: 0.0002344 seconds, Stopping threads took: 0.0001215 seconds
2016-11-27T08:31:54.434-0100: 694.295: Total time for which application threads were stopped: 0.0002007 seconds, Stopping threads took: 0.0001124 seconds
2016-11-27T08:31:55.438-0100: 695.299: Total time for which application threads were stopped: 0.0002675 seconds, Stopping threads took: 0.0000565 seconds
{Heap before GC invocations=27 (full 1):
 par new generation   total 109248K, used 98686K [0x00000007a0000000, 0x00000007a8000000, 0x00000007a8000000)
  eden space 87424K, 100% used [0x00000007a0000000, 0x00000007a5560000, 0x00000007a5560000)
  from space 21824K,  51% used [0x00000007a6ab0000, 0x00000007a75afba0, 0x00000007a8000000)
  to   space 21824K,   0% used [0x00000007a5560000, 0x00000007a5560000, 0x00000007a6ab0000)
 concurrent mark-sweep generation total 393216K, used 23271K [0x00000007a8000000, 0x00000007c0000000, 0x00000007c0000000)
 Metaspace       used 33765K, capacity 34304K, committed 34860K, reserved 1081344K
  class space    used 3691K, capacity 3849K, committed 3912K, reserved 1048576K
2016-11-27T08:31:56.583-0100: 696.444: [GC (Allocation Failure) 696.444: [ParNew
Desired survivor size 20112992 bytes, new threshold 8 (max 8)
- age   1:    2006768 bytes,    2006768 total
- age   2:    1889200 bytes,    3895968 total
- age   3:    1035904 bytes,    4931872 total
- age   4:    1226264 bytes,    6158136 total
- age   5:    1281080 bytes,    7439216 total
- age   6:     833640 bytes,    8272856 total
- age   7:    1254520 bytes,    9527376 total
- age   8:     912800 bytes,   10440176 total
: 98686K->14906K(109248K), 0.0148062 secs] 121958K->38632K(502464K), 0.0148974 secs] [Times: user=0.04 sys=0.00, real=0.01 secs] 
Heap after GC invocations=28 (full 1):
 par new generation   total 109248K, used 14906K [0x00000007a0000000, 0x00000007a8000000, 0x00000007a8000000)
  eden space 87424K,   0% used [0x00000007a0000000, 0x00000007a0000000, 0x00000007a5560000)
  from space 21824K,  68% used [0x00000007a5560000, 0x00000007a63eea80, 0x00000007a6ab0000)
  to   space 21824K,   0% used [0x00000007a6ab0000, 0x00000007a6ab0000, 0x00000007a8000000)
 concurrent mark-sweep generation total 393216K, used 23725K [0x00000007a8000000, 0x00000007c0000000, 0x00000007c0000000)
 Metaspace       used 33765K, capacity 34304K, committed 34860K, reserved 1081344K
  class space    used 3691K, capacity 3849K, committed 3912K, reserved 1048576K
}
2016-11-27T08:31:56.598-0100: 696.459: Total time for which application threads were stopped: 0.0226710 seconds, Stopping threads took: 0.0074850 seconds
2016-11-27T08:31:57.600-0100: 697.461: Total time for which application threads were stopped: 0.0006036 seconds, Stopping threads took: 0.0001321 seconds
2016-11-27T08:32:08.625-0100: 708.487: Total time for which application threads were stopped: 0.0001819 seconds, Stopping threads took: 0.0000420 seconds
2016-11-27T08:32:19.060-0100: 718.922: Total time for which application threads were stopped: 0.0001395 seconds, Stopping threads took: 0.0000213 seconds
2016-11-27T08:32:19.060-0100: 718.922: Total time for which application threads were stopped: 0.0000808 seconds, Stopping threads took: 0.0000128 seconds
2016-11-27T08:33:36.264-0100: 796.128: Total time for which application threads were stopped: 0.0002464 seconds, Stopping threads took: 0.0000547 seconds
2016-11-27T08:33:36.969-0100: 796.833: Total time for which application threads were stopped: 0.0001669 seconds, Stopping threads took: 0.0000251 seconds
2016-11-27T08:33:36.969-0100: 796.833: Total time for which application threads were stopped: 0.0000706 seconds, Stopping threads took: 0.0000123 seconds
2016-11-27T08:33:36.969-0100: 796.834: Total time for which application threads were stopped: 0.0000733 seconds, Stopping threads took: 0.0000148 seconds
2016-11-27T08:33:36.970-0100: 796.834: Total time for which application threads were stopped: 0.0000939 seconds, Stopping threads took: 0.0000332 seconds
2016-11-27T08:33:36.972-0100: 796.836: Total time for which application threads were stopped: 0.0000976 seconds, Stopping threads took: 0.0000175 seconds
2016-11-27T08:33:36.974-0100: 796.838: Total time for which application threads were stopped: 0.0001112 seconds, Stopping threads took: 0.0000206 seconds
2016-11-27T08:33:36.985-0100: 796.849: Total time for which application threads were stopped: 0.0000908 seconds, Stopping threads took: 0.0000183 seconds
2016-11-27T08:33:36.985-0100: 796.849: Total time for which application threads were stopped: 0.0000374 seconds, Stopping threads took: 0.0000061 seconds
2016-11-27T08:33:36.985-0100: 796.850: Total time for which application threads were stopped: 0.0000430 seconds, Stopping threads took: 0.0000074 seconds
2016-11-27T08:33:36.985-0100: 796.850: Total time for which application threads were stopped: 0.0000368 seconds, Stopping threads took: 0.0000059 seconds
2016-11-27T08:33:36.986-0100: 796.850: Total time for which application threads were stopped: 0.0000351 seconds, Stopping threads took: 0.0000055 seconds
2016-11-27T08:33:36.986-0100: 796.850: Total time for which application threads were stopped: 0.0000352 seconds, Stopping threads took: 0.0000056 seconds
2016-11-27T08:33:36.986-0100: 796.850: Total time for which application threads were stopped: 0.0000450 seconds, Stopping threads took: 0.0000159 seconds
2016-11-27T08:33:36.986-0100: 796.851: Total time for which application threads were stopped: 0.0000433 seconds, Stopping threads took: 0.0000073 seconds
2016-11-27T08:33:36.986-0100: 796.851: Total time for which application threads were stopped: 0.0000382 seconds, Stopping threads took: 0.0000057 seconds
2016-11-27T08:33:36.986-0100: 796.851: Total time for which application threads were stopped: 0.0000358 seconds, Stopping threads took: 0.0000057 seconds
2016-11-27T08:33:36.987-0100: 796.851: Total time for which application threads were stopped: 0.0000474 seconds, Stopping threads took: 0.0000072 seconds
2016-11-27T08:33:36.987-0100: 796.852: Total time for which application threads were stopped: 0.0000586 seconds, Stopping threads took: 0.0000223 seconds
2016-11-27T08:33:36.987-0100: 796.852: Total time for which application threads were stopped: 0.0000372 seconds, Stopping threads took: 0.0000056 seconds
2016-11-27T08:33:36.987-0100: 796.852: Total time for which application threads were stopped: 0.0000453 seconds, Stopping threads took: 0.0000152 seconds
2016-11-27T08:33:36.988-0100: 796.852: Total time for which application threads were stopped: 0.0000477 seconds, Stopping threads took: 0.0000181 seconds
2016-11-27T08:33:36.988-0100: 796.852: Total time for which application threads were stopped: 0.0000452 seconds, Stopping threads took: 0.0000085 seconds
2016-11-27T08:33:36.988-0100: 796.852: Total time for which application threads were stopped: 0.0000581 seconds, Stopping threads took: 0.0000251 seconds
2016-11-27T08:33:36.988-0100: 796.852: Total time for which application threads were stopped: 0.0001132 seconds, Stopping threads took: 0.0000381 seconds
Heap
 par new generation   total 109248K, used 93110K [0x00000007a0000000, 0x00000007a8000000, 0x00000007a8000000)
  eden space 87424K,  89% used [0x00000007a0000000, 0x00000007a4c5efc8, 0x00000007a5560000)
  from space 21824K,  68% used [0x00000007a5560000, 0x00000007a63eea80, 0x00000007a6ab0000)
  to   space 21824K,   0% used [0x00000007a6ab0000, 0x00000007a6ab0000, 0x00000007a8000000)
 concurrent mark-sweep generation total 393216K, used 23725K [0x00000007a8000000, 0x00000007c0000000, 0x00000007c0000000)
 Metaspace       used 33812K, capacity 34304K, committed 34860K, reserved 1081344K
  class space    used 3699K, capacity 3849K, committed 3912K, reserved 1048576K
